[    0.000000] Linux version 6.14.0-37-generic (buildd@lcy02-amd64-031) (x86_64-linux-gnu-gcc-13 (Ubuntu 13.3.0-6ubuntu2~24.04) 13.3.0, GNU ld (GNU Binutils for Ubuntu) 2.42) #37~24.04.1-Ubuntu SMP PREEMPT_DYNAMIC Thu Nov 20 10:25:38 UTC 2 (Ubuntu 6.14.0-37.37~24.04.1-generic 6.14.11)
[    0.000000] Command line: BOOT_IMAGE=/boot/vmlinuz-6.14.0-37-generic root=UUID=e01839ed-834d-4913-abb9-728a20f442c5 ro quiet splash vt.handoff=7
[    0.000000] KERNEL supported cpus:
[    0.000000]   Intel GenuineIntel
[    0.000000]   AMD AuthenticAMD
[    0.000000]   Hygon HygonGenuine
[    0.000000]   Centaur CentaurHauls
[    0.000000]   zhaoxin   Shanghai  
[    0.000000] BIOS-provided physical RAM map:
[    0.000000] BIOS-e820: [mem 0x0000000000000000-0x0000000000057fff] usable
[    0.000000] BIOS-e820: [mem 0x0000000000058000-0x0000000000058fff] reserved
[    0.000000] BIOS-e820: [mem 0x0000000000059000-0x000000000009dfff] usable
[    0.000000] BIOS-e820: [mem 0x000000000009e000-0x00000000000fffff] reserved
[    0.000000] BIOS-e820: [mem 0x0000000000100000-0x0000000060ea8fff] usable
[    0.000000] BIOS-e820: [mem 0x0000000060ea9000-0x0000000060ea9fff] ACPI NVS
[    0.000000] BIOS-e820: [mem 0x0000000060eaa000-0x0000000060eaafff] reserved
[    0.000000] BIOS-e820: [mem 0x0000000060eab000-0x000000008901dfff] usable
[    0.000000] BIOS-e820: [mem 0x000000008901e000-0x000000008a10dfff] reserved
[    0.000000] BIOS-e820: [mem 0x000000008a10e000-0x000000008a7fdfff] ACPI NVS
[    0.000000] BIOS-e820: [mem 0x000000008a7fe000-0x000000008affdfff] ACPI data
[    0.000000] BIOS-e820: [mem 0x000000008affe000-0x000000008affefff] usable
[    0.000000] BIOS-e820: [mem 0x000000008afff000-0x000000008fffffff] reserved
[    0.000000] BIOS-e820: [mem 0x00000000e0000000-0x00000000efffffff] reserved
[    0.000000] BIOS-e820: [mem 0x00000000fd000000-0x00000000fe7fffff] reserved
[    0.000000] BIOS-e820: [mem 0x00000000fec00000-0x00000000fec00fff] reserved
[    0.000000] BIOS-e820: [mem 0x00000000fed00000-0x00000000fed00fff] reserved
[    0.000000] BIOS-e820: [mem 0x00000000fed10000-0x00000000fed19fff] reserved
[    0.000000] BIOS-e820: [mem 0x00000000fed84000-0x00000000fed84fff] reserved
[    0.000000] BIOS-e820: [mem 0x00000000fee00000-0x00000000fee00fff] reserved
[    0.000000] BIOS-e820: [mem 0x00000000ffa00000-0x00000000ffffffff] reserved
[    0.000000] BIOS-e820: [mem 0x0000000100000000-0x000000046effffff] usable
[    0.000000] NX (Execute Disable) protection: active
[    0.000000] APIC: Static calls initialized
[    0.000000] e820: update [mem 0x5e915018-0x5e925057] usable ==> usable
[    0.000000] extended physical RAM map:
[    0.000000] reserve setup_data: [mem 0x0000000000000000-0x0000000000057fff] usable
[    0.000000] reserve setup_data: [mem 0x0000000000058000-0x0000000000058fff] reserved
[    0.000000] reserve setup_data: [mem 0x0000000000059000-0x000000000009dfff] usable
[    0.000000] reserve setup_data: [mem 0x000000000009e000-0x00000000000fffff] reserved
[    0.000000] reserve setup_data: [mem 0x0000000000100000-0x000000005e915017] usable
[    0.000000] reserve setup_data: [mem 0x000000005e915018-0x000000005e925057] usable
[    0.000000] reserve setup_data: [mem 0x000000005e925058-0x0000000060ea8fff] usable
[    0.000000] reserve setup_data: [mem 0x0000000060ea9000-0x0000000060ea9fff] ACPI NVS
[    0.000000] reserve setup_data: [mem 0x0000000060eaa000-0x0000000060eaafff] reserved
[    0.000000] reserve setup_data: [mem 0x0000000060eab000-0x000000008901dfff] usable
[    0.000000] reserve setup_data: [mem 0x000000008901e000-0x000000008a10dfff] reserved
[    0.000000] reserve setup_data: [mem 0x000000008a10e000-0x000000008a7fdfff] ACPI NVS
[    0.000000] reserve setup_data: [mem 0x000000008a7fe000-0x000000008affdfff] ACPI data
[    0.000000] reserve setup_data: [mem 0x000000008affe000-0x000000008affefff] usable
[    0.000000] reserve setup_data: [mem 0x000000008afff000-0x000000008fffffff] reserved
[    0.000000] reserve setup_data: [mem 0x00000000e0000000-0x00000000efffffff] reserved
[    0.000000] reserve setup_data: [mem 0x00000000fd000000-0x00000000fe7fffff] reserved
[    0.000000] reserve setup_data: [mem 0x00000000fec00000-0x00000000fec00fff] reserved
[    0.000000] reserve setup_data: [mem 0x00000000fed00000-0x00000000fed00fff] reserved
[    0.000000] reserve setup_data: [mem 0x00000000fed10000-0x00000000fed19fff] reserved
[    0.000000] reserve setup_data: [mem 0x00000000fed84000-0x00000000fed84fff] reserved
[    0.000000] reserve setup_data: [mem 0x00000000fee00000-0x00000000fee00fff] reserved
[    0.000000] reserve setup_data: [mem 0x00000000ffa00000-0x00000000ffffffff] reserved
[    0.000000] reserve setup_data: [mem 0x0000000100000000-0x000000046effffff] usable
[    0.000000] efi: EFI v2.5 by INSYDE Corp.
[    0.000000] efi: ACPI 2.0=0x8affd014 SMBIOS=0x89648000 SMBIOS 3.0=0x89646000 ESRT=0x89644298 MOKvar=0x8963c000 INITRD=0x609d6758 RNG=0x8af9c018 TPMEventLog=0x8af90018 
[    0.000000] random: crng init done
[    0.000000] TPM Final Events table not present
[    0.000000] efi: Remove mem47: MMIO range=[0xe0000000-0xefffffff] (256MB) from e820 map
[    0.000000] e820: remove [mem 0xe0000000-0xefffffff] reserved
[    0.000000] efi: Remove mem48: MMIO range=[0xfd000000-0xfe7fffff] (24MB) from e820 map
[    0.000000] e820: remove [mem 0xfd000000-0xfe7fffff] reserved
[    0.000000] efi: Not removing mem49: MMIO range=[0xfec00000-0xfec00fff] (4KB) from e820 map
[    0.000000] efi: Not removing mem50: MMIO range=[0xfed00000-0xfed00fff] (4KB) from e820 map
[    0.000000] efi: Not removing mem51: MMIO range=[0xfed10000-0xfed19fff] (40KB) from e820 map
[    0.000000] efi: Not removing mem52: MMIO range=[0xfed84000-0xfed84fff] (4KB) from e820 map
[    0.000000] efi: Not removing mem53: MMIO range=[0xfee00000-0xfee00fff] (4KB) from e820 map
[    0.000000] efi: Remove mem54: MMIO range=[0xffa00000-0xffffffff] (6MB) from e820 map
[    0.000000] e820: remove [mem 0xffa00000-0xffffffff] reserved
[    0.000000] SMBIOS 3.0.0 present.
[    0.000000] DMI: HP HP ENVY x360 Convertible 15m-bp1xx/83C8, BIOS F.22 07/24/2017
[    0.000000] DMI: Memory slots populated: 1/2
[    0.000000] secureboot: Secure boot enabled
[    0.000000] Kernel is locked down from EFI Secure Boot mode; see man kernel_lockdown.7
[    0.000000] tsc: Detected 2000.000 MHz processor
[    0.000000] tsc: Detected 1999.968 MHz TSC
[    0.001007] e820: update [mem 0x00000000-0x00000fff] usable ==> reserved
[    0.001010] e820: remove [mem 0x000a0000-0x000fffff] usable
[    0.001023] last_pfn = 0x46f000 max_arch_pfn = 0x400000000
[    0.001029] MTRR map: 4 entries (3 fixed + 1 variable; max 23), built from 10 variable MTRRs
[    0.001031] x86/PAT: Configuration [0-7]: WB  WC  UC- UC  WB  WP  UC- WT  
[    0.001693] last_pfn = 0x8afff max_arch_pfn = 0x400000000
[    0.016235] esrt: Reserving ESRT space from 0x0000000089644298 to 0x00000000896442d0.
[    0.016244] Using GB pages for direct mapping
[    0.016914] secureboot: Secure boot enabled
[    0.016915] RAMDISK: [mem 0x519d3000-0x55f8bfff]
[    0.017387] ACPI: Early table checksum verification disabled
[    0.017391] ACPI: RSDP 0x000000008AFFD014 000024 (v02 HPQOEM)
[    0.017396] ACPI: XSDT 0x000000008AFAE188 00012C (v01 HPQOEM SLIC-MPC 00000000 HP   01000013)
[    0.017403] ACPI: FACP 0x000000008AFE4000 00010C (v05 HPQOEM SLIC-MPC 00000000 HP   00040000)
[    0.017410] ACPI: DSDT 0x000000008AFB1000 02F9F4 (v02 HPQOEM SLIC-MPC 00000000 ACPI 00040000)
[    0.017415] ACPI: FACS 0x000000008A7D4000 000040
[    0.017418] ACPI: UEFI 0x000000008AFFC000 000236 (v01 HPQOEM INSYDE   00000001 HP   00040000)
[    0.017422] ACPI: UEFI 0x000000008AFFB000 000042 (v01 HPQOEM INSYDE   00000002 HP   00040000)
[    0.017426] ACPI: SSDT 0x000000008AFF6000 004899 (v01 HPQOEM INSYDE   00001000 ACPI 00040000)
[    0.017431] ACPI: MSDM 0x000000008AFF5000 000055 (v03 HPQOEM SLIC-MPC 00000001 HP   00040000)
[    0.017435] ACPI: SSDT 0x000000008AFF4000 0004C3 (v02 HPQOEM INSYDE   00001000 ACPI 00040000)
[    0.017439] ACPI: SSDT 0x000000008AFF3000 000046 (v02 HPQOEM INSYDE   00003000 ACPI 00040000)
[    0.017443] ACPI: TPM2 0x000000008AFF2000 000034 (v03 HPQOEM INSYDE   00000000 HP   00040000)
[    0.017447] ACPI: SSDT 0x000000008AFEF000 002F90 (v02 HPQOEM INSYDE   00003000 ACPI 00040000)
[    0.017451] ACPI: SSDT 0x000000008AFEA000 0041D3 (v02 HPQOEM INSYDE   00001000 ACPI 00040000)
[    0.017455] ACPI: SSDT 0x000000008AFE9000 000895 (v02 HPQOEM INSYDE   00000000 ACPI 00040000)
[    0.017459] ACPI: ASF! 0x000000008AFE8000 0000A5 (v32 HPQOEM INSYDE   00000001 HP   00040000)
[    0.017463] ACPI: ASPT 0x000000008AFE7000 000034 (v07 HPQOEM INSYDE   00000001 HP   00040000)
[    0.017467] ACPI: BOOT 0x000000008AFE6000 000028 (v01 HPQOEM INSYDE   00000001 HP   00040000)
[    0.017471] ACPI: DBGP 0x000000008AFE5000 000034 (v01 HPQOEM SLIC-MPC 00000001 HP   00040000)
[    0.017475] ACPI: HPET 0x000000008AFE3000 000038 (v01 HPQOEM INSYDE   00000001 HP   00040000)
[    0.017479] ACPI: APIC 0x000000008AFE2000 0000BC (v03 HPQOEM SLIC-MPC 00000001 HP   00040000)
[    0.017483] ACPI: MCFG 0x000000008AFE1000 00003C (v01 HPQOEM INSYDE   00000001 HP   00040000)
[    0.017487] ACPI: SSDT 0x000000008AFB0000 000517 (v02 HPQOEM INSYDE   00000000 ACPI 00040000)
[    0.017491] ACPI: LPIT 0x000000008AFAF000 000094 (v01 HPQOEM INSYDE   00000000 HP   00040000)
[    0.017495] ACPI: WSMT 0x000000008AFAD000 000028 (v01 HPQOEM INSYDE   00000000 HP   00040000)
[    0.017499] ACPI: SSDT 0x000000008AFAC000 00029F (v02 HPQOEM INSYDE   00000000 ACPI 00040000)
[    0.017503] ACPI: SSDT 0x000000008AFAB000 000346 (v01 HPQOEM INSYDE   00000000 ACPI 00040000)
[    0.017507] ACPI: SSDT 0x000000008AFA7000 003002 (v02 HPQOEM INSYDE   00001000 ACPI 00040000)
[    0.017511] ACPI: SSDT 0x000000008AFA6000 00051E (v02 HPQOEM INSYDE   00001000 ACPI 00040000)
[    0.017515] ACPI: DBGP 0x000000008AFA5000 000034 (v01 HPQOEM SLIC-MPC 00000002 HP   00040000)
[    0.017519] ACPI: DBG2 0x000000008AFA4000 000054 (v00 HPQOEM INSYDE   00000002 HP   00040000)
[    0.017523] ACPI: SSDT 0x000000008AFA2000 0010B0 (v02 HPQOEM INSYDE   00001000 ACPI 00040000)
[    0.017527] ACPI: SSDT 0x000000008AFA1000 000EDE (v02 HPQOEM INSYDE   00003000 ACPI 00040000)
[    0.017531] ACPI: DMAR 0x000000008AFA0000 0000F0 (v01 HPQOEM INSYDE   00000001 HP   00040000)
[    0.017535] ACPI: NHLT 0x000000008AF9F000 00002D (v00 HPQOEM INSYDE   00000002 HP   00040000)
[    0.017539] ACPI: FPDT 0x000000008AF9E000 000044 (v01 HPQOEM SLIC-MPC 00000002 HP   00040000)
[    0.017543] ACPI: BGRT 0x000000008AF9D000 000038 (v01 HPQOEM INSYDE   00000001 HP   00040000)
[    0.017546] ACPI: Reserving FACP table memory at [mem 0x8afe4000-0x8afe410b]
[    0.017548] ACPI: Reserving DSDT table memory at [mem 0x8afb1000-0x8afe09f3]
[    0.017549] ACPI: Reserving FACS table memory at [mem 0x8a7d4000-0x8a7d403f]
[    0.017551] ACPI: Reserving UEFI table memory at [mem 0x8affc000-0x8affc235]
[    0.017552] ACPI: Reserving UEFI table memory at [mem 0x8affb000-0x8affb041]
[    0.017553] ACPI: Reserving SSDT table memory at [mem 0x8aff6000-0x8affa898]
[    0.017554] ACPI: Reserving MSDM table memory at [mem 0x8aff5000-0x8aff5054]
[    0.017555] ACPI: Reserving SSDT table memory at [mem 0x8aff4000-0x8aff44c2]
[    0.017556] ACPI: Reserving SSDT table memory at [mem 0x8aff3000-0x8aff3045]
[    0.017557] ACPI: Reserving TPM2 table memory at [mem 0x8aff2000-0x8aff2033]
[    0.017558] ACPI: Reserving SSDT table memory at [mem 0x8afef000-0x8aff1f8f]
[    0.017559] ACPI: Reserving SSDT table memory at [mem 0x8afea000-0x8afee1d2]
[    0.017560] ACPI: Reserving SSDT table memory at [mem 0x8afe9000-0x8afe9894]
[    0.017561] ACPI: Reserving ASF! table memory at [mem 0x8afe8000-0x8afe80a4]
[    0.017562] ACPI: Reserving ASPT table memory at [mem 0x8afe7000-0x8afe7033]
[    0.017563] ACPI: Reserving BOOT table memory at [mem 0x8afe6000-0x8afe6027]
[    0.017564] ACPI: Reserving DBGP table memory at [mem 0x8afe5000-0x8afe5033]
[    0.017565] ACPI: Reserving HPET table memory at [mem 0x8afe3000-0x8afe3037]
[    0.017567] ACPI: Reserving APIC table memory at [mem 0x8afe2000-0x8afe20bb]
[    0.017568] ACPI: Reserving MCFG table memory at [mem 0x8afe1000-0x8afe103b]
[    0.017569] ACPI: Reserving SSDT table memory at [mem 0x8afb0000-0x8afb0516]
[    0.017570] ACPI: Reserving LPIT table memory at [mem 0x8afaf000-0x8afaf093]
[    0.017571] ACPI: Reserving WSMT table memory at [mem 0x8afad000-0x8afad027]
[    0.017572] ACPI: Reserving SSDT table memory at [mem 0x8afac000-0x8afac29e]
[    0.017573] ACPI: Reserving SSDT table memory at [mem 0x8afab000-0x8afab345]
[    0.017574] ACPI: Reserving SSDT table memory at [mem 0x8afa7000-0x8afaa001]
[    0.017575] ACPI: Reserving SSDT table memory at [mem 0x8afa6000-0x8afa651d]
[    0.017576] ACPI: Reserving DBGP table memory at [mem 0x8afa5000-0x8afa5033]
[    0.017577] ACPI: Reserving DBG2 table memory at [mem 0x8afa4000-0x8afa4053]
[    0.017578] ACPI: Reserving SSDT table memory at [mem 0x8afa2000-0x8afa30af]
[    0.017579] ACPI: Reserving SSDT table memory at [mem 0x8afa1000-0x8afa1edd]
[    0.017580] ACPI: Reserving DMAR table memory at [mem 0x8afa0000-0x8afa00ef]
[    0.017582] ACPI: Reserving NHLT table memory at [mem 0x8af9f000-0x8af9f02c]
[    0.017583] ACPI: Reserving FPDT table memory at [mem 0x8af9e000-0x8af9e043]
[    0.017584] ACPI: Reserving BGRT table memory at [mem 0x8af9d000-0x8af9d037]
[    0.017793] No NUMA configuration found
[    0.017794] Faking a node at [mem 0x0000000000000000-0x000000046effffff]
[    0.017809] NODE_DATA(0) allocated [mem 0x46efd5540-0x46effffff]
[    0.018033] Zone ranges:
[    0.018034]   DMA      [mem 0x0000000000001000-0x0000000000ffffff]
[    0.018036]   DMA32    [mem 0x0000000001000000-0x00000000ffffffff]
[    0.018038]   Normal   [mem 0x0000000100000000-0x000000046effffff]
[    0.018040]   Device   empty
[    0.018041] Movable zone start for each node
[    0.018043] Early memory node ranges
[    0.018044]   node   0: [mem 0x0000000000001000-0x0000000000057fff]
[    0.018046]   node   0: [mem 0x0000000000059000-0x000000000009dfff]
[    0.018047]   node   0: [mem 0x0000000000100000-0x0000000060ea8fff]
[    0.018049]   node   0: [mem 0x0000000060eab000-0x000000008901dfff]
[    0.018050]   node   0: [mem 0x000000008affe000-0x000000008affefff]
[    0.018051]   node   0: [mem 0x0000000100000000-0x000000046effffff]
[    0.018054] Initmem setup node 0 [mem 0x0000000000001000-0x000000046effffff]
[    0.018059] On node 0, zone DMA: 1 pages in unavailable ranges
[    0.018061] On node 0, zone DMA: 1 pages in unavailable ranges
[    0.018088] On node 0, zone DMA: 98 pages in unavailable ranges
[    0.022434] On node 0, zone DMA32: 2 pages in unavailable ranges
[    0.022538] On node 0, zone DMA32: 8160 pages in unavailable ranges
[    0.051087] On node 0, zone Normal: 20481 pages in unavailable ranges
[    0.051133] On node 0, zone Normal: 4096 pages in unavailable ranges
[    0.051143] Reserving Intel graphics memory at [mem 0x8c000000-0x8fffffff]
[    0.051895] ACPI: PM-Timer IO Port: 0x1808
[    0.051905] ACPI: LAPIC_NMI (acpi_id[0x01] high edge lint[0x1])
[    0.051907] ACPI: LAPIC_NMI (acpi_id[0x02] high edge lint[0x1])
[    0.051909] ACPI: LAPIC_NMI (acpi_id[0x03] high edge lint[0x1])
[    0.051910] ACPI: LAPIC_NMI (acpi_id[0x04] high edge lint[0x1])
[    0.051911] ACPI: LAPIC_NMI (acpi_id[0x05] high edge lint[0x1])
[    0.051912] ACPI: LAPIC_NMI (acpi_id[0x06] high edge lint[0x1])
[    0.051913] ACPI: LAPIC_NMI (acpi_id[0x07] high edge lint[0x1])
[    0.051913] ACPI: LAPIC_NMI (acpi_id[0x08] high edge lint[0x1])
[    0.051941] IOAPIC[0]: apic_id 2, version 32, address 0xfec00000, GSI 0-119
[    0.051945] ACPI: INT_SRC_OVR (bus 0 bus_irq 0 global_irq 2 dfl dfl)
[    0.051947] ACPI: INT_SRC_OVR (bus 0 bus_irq 9 global_irq 9 high level)
[    0.051953] ACPI: Using ACPI (MADT) for SMP configuration information
[    0.051954] ACPI: HPET id: 0x8086a201 base: 0xfed00000
[    0.051962] e820: update [mem 0x6efe5000-0x6eff8fff] usable ==> reserved
[    0.051977] TSC deadline timer available
[    0.051983] CPU topo: Max. logical packages:   1
[    0.051984] CPU topo: Max. logical dies:       1
[    0.051985] CPU topo: Max. dies per package:   1
[    0.051991] CPU topo: Max. threads per core:   2
[    0.051992] CPU topo: Num. cores per package:     4
[    0.051993] CPU topo: Num. threads per package:   8
[    0.051994] CPU topo: Allowing 8 present CPUs plus 0 hotplug CPUs
[    0.052019] PM: hibernation: Registered nosave memory: [mem 0x00000000-0x00000fff]
[    0.052022] PM: hibernation: Registered nosave memory: [mem 0x00058000-0x00058fff]
[    0.052024] PM: hibernation: Registered nosave memory: [mem 0x0009e000-0x000fffff]
[    0.052027] PM: hibernation: Registered nosave memory: [mem 0x60ea9000-0x60eaafff]
[    0.052029] PM: hibernation: Registered nosave memory: [mem 0x6efe5000-0x6eff8fff]
[    0.052031] PM: hibernation: Registered nosave memory: [mem 0x8901e000-0x8affdfff]
[    0.052034] PM: hibernation: Registered nosave memory: [mem 0x8afff000-0xffffffff]
[    0.052035] [mem 0x90000000-0xfebfffff] available for PCI devices
[    0.052037] Booting paravirtualized kernel on bare hardware
[    0.052040] clocksource: refined-jiffies: mask: 0xffffffff max_cycles: 0xffffffff, max_idle_ns: 1910969940391419 ns
[    0.052049] setup_percpu: NR_CPUS:8192 nr_cpumask_bits:8 nr_cpu_ids:8 nr_node_ids:1
[    0.052811] percpu: Embedded 88 pages/cpu s237568 r8192 d114688 u524288
[    0.052820] pcpu-alloc: s237568 r8192 d114688 u524288 alloc=1*2097152
[    0.052823] pcpu-alloc: [0] 0 1 2 3 [0] 4 5 6 7 
[    0.052851] Kernel command line: BOOT_IMAGE=/boot/vmlinuz-6.14.0-37-generic root=UUID=e01839ed-834d-4913-abb9-728a20f442c5 ro quiet splash vt.handoff=7
[    0.052961] Unknown kernel command line parameters "splash BOOT_IMAGE=/boot/vmlinuz-6.14.0-37-generic", will be passed to user space.
[    0.052997] printk: log buffer data + meta data: 262144 + 917504 = 1179648 bytes
[    0.055014] Dentry cache hash table entries: 2097152 (order: 12, 16777216 bytes, linear)
[    0.056043] Inode-cache hash table entries: 1048576 (order: 11, 8388608 bytes, linear)
[    0.056222] Fallback order for Node 0: 0 
[    0.056226] Built 1 zonelists, mobility grouping on.  Total pages: 4161465
[    0.056227] Policy zone: Normal
[    0.056236] mem auto-init: stack:all(zero), heap alloc:on, heap free:off
[    0.056245] software IO TLB: area num 8.
[    0.136114] SLUB: HWalign=64, Order=0-3, MinObjects=0, CPUs=8, Nodes=1
[    0.136158] Kernel/User page tables isolation: enabled
[    0.136216] ftrace: allocating 60485 entries in 237 pages
[    0.183585] ftrace: allocated 237 pages with 6 groups
[    0.184681] Dynamic Preempt: voluntary
[    0.184780] rcu: Preemptible hierarchical RCU implementation.
[    0.184781] rcu: 	RCU restricting CPUs from NR_CPUS=8192 to nr_cpu_ids=8.
[    0.184784] 	Trampoline variant of Tasks RCU enabled.
[    0.184784] 	Rude variant of Tasks RCU enabled.
[    0.184785] 	Tracing variant of Tasks RCU enabled.
[    0.184786] rcu: RCU calculated value of scheduler-enlistment delay is 100 jiffies.
[    0.184787] rcu: Adjusting geometry for rcu_fanout_leaf=16, nr_cpu_ids=8
[    0.184796] RCU Tasks: Setting shift to 3 and lim to 1 rcu_task_cb_adjust=1 rcu_task_cpu_ids=8.
[    0.184799] RCU Tasks Rude: Setting shift to 3 and lim to 1 rcu_task_cb_adjust=1 rcu_task_cpu_ids=8.
[    0.184801] RCU Tasks Trace: Setting shift to 3 and lim to 1 rcu_task_cb_adjust=1 rcu_task_cpu_ids=8.
[    0.190481] NR_IRQS: 524544, nr_irqs: 2048, preallocated irqs: 16
[    0.190735] rcu: srcu_init: Setting srcu_struct sizes based on contention.
[    0.190945] Console: colour dummy device 80x25
[    0.190949] printk: legacy console [tty0] enabled
[    0.191033] ACPI: Core revision 20240827
[    0.191408] hpet: HPET dysfunctional in PC10. Force disabled.
[    0.191447] APIC: Switch to symmetric I/O mode setup
[    0.191450] DMAR: Host address width 39
[    0.191452] DMAR: DRHD base: 0x000000fed90000 flags: 0x0
[    0.191467] DMAR: dmar0: reg_base_addr fed90000 ver 1:0 cap 1c0000c40660462 ecap 19e2ff0505e
[    0.191471] DMAR: DRHD base: 0x000000fed91000 flags: 0x1
[    0.191478] DMAR: dmar1: reg_base_addr fed91000 ver 1:0 cap d2008c40660462 ecap f050da
[    0.191481] DMAR: RMRR base: 0x0000008a014000 end: 0x0000008a033fff
[    0.191483] DMAR: RMRR base: 0x0000008b800000 end: 0x0000008fffffff
[    0.191485] DMAR: ANDD device: 1 name: \_SB.PCI0.I2C0
[    0.191487] DMAR: ANDD device: 2 name: \_SB.PCI0.I2C1
[    0.191489] DMAR-IR: IOAPIC id 2 under DRHD base  0xfed91000 IOMMU 1
[    0.191491] DMAR-IR: HPET id 0 under DRHD base 0xfed91000
[    0.191493] DMAR-IR: x2apic is disabled because BIOS sets x2apic opt out bit.
[    0.191494] DMAR-IR: Use 'intremap=no_x2apic_optout' to override the BIOS setting.
[    0.193267] DMAR-IR: Enabled IRQ remapping in xapic mode
[    0.193269] x2apic: IRQ remapping doesn't support X2APIC mode
[    0.197141] clocksource: tsc-early: mask: 0xffffffffffffffff max_cycles: 0x39a8208cdd2, max_idle_ns: 881590748921 ns
[    0.197148] Calibrating delay loop (skipped), value calculated using timer frequency.. 3999.93 BogoMIPS (lpj=1999968)
[    0.197172] x86/cpu: VMX (outside TXT) disabled by BIOS
[    0.197174] x86/cpu: SGX disabled or unsupported by BIOS.
[    0.197181] CPU0: Thermal monitoring enabled (TM1)
[    0.197243] Last level iTLB entries: 4KB 64, 2MB 8, 4MB 8
[    0.197245] Last level dTLB entries: 4KB 64, 2MB 32, 4MB 32, 1GB 4
[    0.197251] process: using mwait in idle threads
[    0.197255] Spectre V1 : Mitigation: usercopy/swapgs barriers and __user pointer sanitization
[    0.197258] Spectre V2 : Mitigation: IBRS
[    0.197259] Spectre V2 : Spectre v2 / SpectreRSB: Filling RSB on context switch and VMEXIT
[    0.197261] RETBleed: Mitigation: IBRS
[    0.197263] Spectre V2 : mitigation: Enabling conditional Indirect Branch Prediction Barrier
[    0.197265] Spectre V2 : User space: Mitigation: STIBP via prctl
[    0.197267] Speculative Store Bypass: Mitigation: Speculative Store Bypass disabled via prctl
[    0.197274] MDS: Mitigation: Clear CPU buffers
[    0.197276] MMIO Stale Data: Mitigation: Clear CPU buffers
[    0.197281] SRBDS: Mitigation: Microcode
[    0.197288] GDS: Vulnerable
[    0.197289] VMSCAPE: Mitigation: IBPB before exit to userspace
[    0.197297] x86/fpu: Supporting XSAVE feature 0x001: 'x87 floating point registers'
[    0.197299] x86/fpu: Supporting XSAVE feature 0x002: 'SSE registers'
[    0.197301] x86/fpu: Supporting XSAVE feature 0x004: 'AVX registers'
[    0.197303] x86/fpu: Supporting XSAVE feature 0x008: 'MPX bounds registers'
[    0.197305] x86/fpu: Supporting XSAVE feature 0x010: 'MPX CSR'
[    0.197308] x86/fpu: xstate_offset[2]:  576, xstate_sizes[2]:  256
[    0.197311] x86/fpu: xstate_offset[3]:  832, xstate_sizes[3]:   64
[    0.197313] x86/fpu: xstate_offset[4]:  896, xstate_sizes[4]:   64
[    0.197315] x86/fpu: Enabled xstate features 0x1f, context size is 960 bytes, using 'compacted' format.
[    0.198145] Freeing SMP alternatives memory: 48K
[    0.198145] pid_max: default: 32768 minimum: 301
[    0.198145] LSM: initializing lsm=lockdown,capability,landlock,yama,apparmor,ima,evm
[    0.198145] landlock: Up and running.
[    0.198145] Yama: becoming mindful.
[    0.198145] AppArmor: AppArmor initialized
[    0.198145] Mount-cache hash table entries: 32768 (order: 6, 262144 bytes, linear)
[    0.198145] Mountpoint-cache hash table entries: 32768 (order: 6, 262144 bytes, linear)
[    0.198145] smpboot: CPU0: Intel(R) Core(TM) i7-8550U CPU @ 1.80GHz (family: 0x6, model: 0x8e, stepping: 0xa)
[    0.198145] Performance Events: PEBS fmt3+, Skylake events, 32-deep LBR, full-width counters, Intel PMU driver.
[    0.198145] ... version:                4
[    0.198145] ... bit width:              48
[    0.198145] ... generic registers:      4
[    0.198145] ... value mask:             0000ffffffffffff
[    0.198145] ... max period:             00007fffffffffff
[    0.198145] ... fixed-purpose events:   3
[    0.198145] ... event mask:             000000070000000f
[    0.198145] signal: max sigframe size: 2032
[    0.198145] Estimated ratio of average max frequency by base frequency (times 1024): 1894
[    0.201411] rcu: Hierarchical SRCU implementation.
[    0.201413] rcu: 	Max phase no-delay instances is 400.
[    0.201490] Timer migration: 1 hierarchy levels; 8 children per group; 1 crossnode level
[    0.202562] NMI watchdog: Enabled. Permanently consumes one hw-PMU counter.
[    0.202683] smp: Bringing up secondary CPUs ...
[    0.202862] smpboot: x86: Booting SMP configuration:
[    0.202865] .... node  #0, CPUs:      #1 #2 #3 #4 #5 #6 #7
[    0.207462] MDS CPU bug present and SMT on, data leak possible. See https://www.kernel.org/doc/html/latest/admin-guide/hw-vuln/mds.html for more details.
[    0.207462] MMIO Stale Data CPU bug present and SMT on, data leak possible. See https://www.kernel.org/doc/html/latest/admin-guide/hw-vuln/processor_mmio_stale_data.html for more details.
[    0.207462] VMSCAPE: SMT on, STIBP is required for full protection. See https://www.kernel.org/doc/html/latest/admin-guide/hw-vuln/vmscape.html for more details.
[    0.208218] smp: Brought up 1 node, 8 CPUs
[    0.208218] smpboot: Total of 8 processors activated (31999.48 BogoMIPS)
[    0.209326] Memory: 16143992K/16645860K available (21475K kernel code, 4587K rwdata, 15072K rodata, 5140K init, 4412K bss, 481576K reserved, 0K cma-reserved)
[    0.209966] devtmpfs: initialized
[    0.210215] x86/mm: Memory block size: 128MB
[    0.213227] ACPI: PM: Registering ACPI NVS region [mem 0x60ea9000-0x60ea9fff] (4096 bytes)
[    0.213227] ACPI: PM: Registering ACPI NVS region [mem 0x8a10e000-0x8a7fdfff] (7274496 bytes)
[    0.213433] clocksource: jiffies: mask: 0xffffffff max_cycles: 0xffffffff, max_idle_ns: 1911260446275000 ns
[    0.213448] futex hash table entries: 2048 (order: 5, 131072 bytes, linear)
[    0.213556] pinctrl core: initialized pinctrl subsystem
[    0.213831] PM: RTC time: 02:17:50, date: 2026-02-01
[    0.214766] NET: Registered PF_NETLINK/PF_ROUTE protocol family
[    0.215232] DMA: preallocated 2048 KiB GFP_KERNEL pool for atomic allocations
[    0.215400] DMA: preallocated 2048 KiB GFP_KERNEL|GFP_DMA pool for atomic allocations
[    0.215585] DMA: preallocated 2048 KiB GFP_KERNEL|GFP_DMA32 pool for atomic allocations
[    0.215606] audit: initializing netlink subsys (disabled)
[    0.215626] audit: type=2000 audit(1769912270.018:1): state=initialized audit_enabled=0 res=1
[    0.215626] thermal_sys: Registered thermal governor 'fair_share'
[    0.215626] thermal_sys: Registered thermal governor 'bang_bang'
[    0.215626] thermal_sys: Registered thermal governor 'step_wise'
[    0.215626] thermal_sys: Registered thermal governor 'user_space'
[    0.215626] thermal_sys: Registered thermal governor 'power_allocator'
[    0.215626] cpuidle: using governor ladder
[    0.215626] cpuidle: using governor menu
[    0.215626] Simple Boot Flag at 0x44 set to 0x1
[    0.215626] ACPI FADT declares the system doesn't support PCIe ASPM, so disable it
[    0.215626] acpiphp: ACPI Hot Plug PCI Controller Driver version: 0.5
[    0.216307] PCI: ECAM [mem 0xe0000000-0xefffffff] (base 0xe0000000) for domain 0000 [bus 00-ff]
[    0.216330] PCI: Using configuration type 1 for base access
[    0.216571] kprobes: kprobe jump-optimization is enabled. All kprobes are optimized if possible.
[    0.216587] HugeTLB: registered 1.00 GiB page size, pre-allocated 0 pages
[    0.216587] HugeTLB: 16380 KiB vmemmap can be freed for a 1.00 GiB page
[    0.216587] HugeTLB: registered 2.00 MiB page size, pre-allocated 0 pages
[    0.216587] HugeTLB: 28 KiB vmemmap can be freed for a 2.00 MiB page
[    0.217373] ACPI: Added _OSI(Module Device)
[    0.217373] ACPI: Added _OSI(Processor Device)
[    0.217373] ACPI: Added _OSI(Processor Aggregator Device)
[    0.298216] ACPI: 14 ACPI AML tables successfully acquired and loaded
[    0.303419] ACPI: [Firmware Bug]: BIOS _OSI(Linux) query ignored
[    0.311586] ACPI: Dynamic OEM Table Load:
[    0.311602] ACPI: SSDT 0xFFFF8CFFC21C8000 0003FF (v02 PmRef  Cpu0Cst  00003001 INTL 20160527)
[    0.314287] ACPI: Dynamic OEM Table Load:
[    0.314301] ACPI: SSDT 0xFFFF8CFFC21D2800 0005CD (v02 PmRef  Cpu0Ist  00003000 INTL 20160527)
[    0.318117] ACPI: Dynamic OEM Table Load:
[    0.318131] ACPI: SSDT 0xFFFF8CFFC21D4000 00065C (v02 PmRef  ApIst    00003000 INTL 20160527)
[    0.321306] ACPI: Dynamic OEM Table Load:
[    0.321319] ACPI: SSDT 0xFFFF8CFFC1BEEA00 000197 (v02 PmRef  ApHwp    00003000 INTL 20160527)
[    0.323870] ACPI: Dynamic OEM Table Load:
[    0.323882] ACPI: SSDT 0xFFFF8CFFC1BEFE00 00018A (v02 PmRef  ApCst    00003000 INTL 20160527)
[    0.333290] ACPI: EC: EC started
[    0.333293] ACPI: EC: interrupt blocked
[    0.376944] ACPI: EC: EC_CMD/EC_SC=0x66, EC_DATA=0x62
[    0.376949] ACPI: \_SB_.PCI0.LPCB.EC0_: Boot DSDT EC used to handle transactions
[    0.376951] ACPI: Interpreter enabled
[    0.377010] ACPI: PM: (supports S0 S3 S4 S5)
[    0.377012] ACPI: Using IOAPIC for interrupt routing
[    0.380402] PCI: Using host bridge windows from ACPI; if necessary, use "pci=nocrs" and report a bug
[    0.380405] PCI: Using E820 reservations for host bridge windows
[    0.382164] ACPI: Enabled 6 GPEs in block 00 to 7F
[    0.397172] ACPI: \_SB_.PCI0.RP02.PXSX.WRST: New power resource
[    0.397746] ACPI: \_SB_.PCI0.RP03.PXSX.WRST: New power resource
[    0.398322] ACPI: \_SB_.PCI0.RP04.PXSX.WRST: New power resource
[    0.398900] ACPI: \_SB_.PCI0.RP05.PXSX.WRST: New power resource
[    0.399485] ACPI: \_SB_.PCI0.RP06.PXSX.WRST: New power resource
[    0.400055] ACPI: \_SB_.PCI0.RP07.PXSX.WRST: New power resource
[    0.400633] ACPI: \_SB_.PCI0.RP08.PXSX.WRST: New power resource
[    0.401209] ACPI: \_SB_.PCI0.RP09.PXSX.WRST: New power resource
[    0.401791] ACPI: \_SB_.PCI0.RP10.PXSX.WRST: New power resource
[    0.402374] ACPI: \_SB_.PCI0.RP11.PXSX.WRST: New power resource
[    0.402948] ACPI: \_SB_.PCI0.RP12.PXSX.WRST: New power resource
[    0.403508] ACPI: \_SB_.PCI0.RP13.PXSX.WRST: New power resource
[    0.404060] ACPI: \_SB_.PCI0.RP14.PXSX.WRST: New power resource
[    0.404619] ACPI: \_SB_.PCI0.RP15.PXSX.WRST: New power resource
[    0.405177] ACPI: \_SB_.PCI0.RP16.PXSX.WRST: New power resource
[    0.405731] ACPI: \_SB_.PCI0.RP17.PXSX.WRST: New power resource
[    0.406289] ACPI: \_SB_.PCI0.RP18.PXSX.WRST: New power resource
[    0.406840] ACPI: \_SB_.PCI0.RP19.PXSX.WRST: New power resource
[    0.407399] ACPI: \_SB_.PCI0.RP20.PXSX.WRST: New power resource
[    0.424516] acpi ABCD0000:00: ACPI dock station (docks/bays count: 1)
[    0.434447] ACPI: PCI Root Bridge [PCI0] (domain 0000 [bus 00-fe])
[    0.434457] acpi PNP0A08:00: _OSC: OS supports [ExtendedConfig ASPM ClockPM Segments MSI EDR HPX-Type3]
[    0.438396] acpi PNP0A08:00: _OSC: OS now controls [PCIeHotplug SHPCHotplug PME AER PCIeCapability LTR DPC]
[    0.438399] acpi PNP0A08:00: FADT indicates ASPM is unsupported, using BIOS configuration
[    0.442037] PCI host bridge to bus 0000:00
[    0.442043] pci_bus 0000:00: root bus resource [io  0x0000-0x0cf7 window]
[    0.442047] pci_bus 0000:00: root bus resource [io  0x0d00-0xffff window]
[    0.442052] pci_bus 0000:00: root bus resource [mem 0x000a0000-0x000fffff window]
[    0.442054] pci_bus 0000:00: root bus resource [mem 0x90000000-0xdfffffff window]
[    0.442057] pci_bus 0000:00: root bus resource [mem 0xfd000000-0xfe80ffff window]
[    0.442061] pci_bus 0000:00: root bus resource [bus 00-fe]
[    0.442189] pci 0000:00:00.0: [8086:5914] type 00 class 0x060000 conventional PCI endpoint
[    0.442299] pci 0000:00:02.0: [8086:5917] type 00 class 0x030000 PCIe Root Complex Integrated Endpoint
[    0.442320] pci 0000:00:02.0: BAR 0 [mem 0xb0000000-0xb0ffffff 64bit]
[    0.442324] pci 0000:00:02.0: BAR 2 [mem 0xa0000000-0xafffffff 64bit pref]
[    0.442328] pci 0000:00:02.0: BAR 4 [io  0x3000-0x303f]
[    0.442344] pci 0000:00:02.0: DMAR: Disabling IOMMU for graphics on this chipset
[    0.442348] pci 0000:00:02.0: Video device with shadowed ROM at [mem 0x000c0000-0x000dffff]
[    0.442674] pci 0000:00:04.0: [8086:1903] type 00 class 0x118000 conventional PCI endpoint
[    0.442699] pci 0000:00:04.0: BAR 0 [mem 0xb1320000-0xb1327fff 64bit]
[    0.443190] pci 0000:00:13.0: [8086:9d35] type 00 class 0x000000 conventional PCI endpoint
[    0.443239] pci 0000:00:13.0: BAR 0 [mem 0xb1332000-0xb1332fff 64bit]
[    0.444067] pci 0000:00:14.0: [8086:9d2f] type 00 class 0x0c0330 conventional PCI endpoint
[    0.444109] pci 0000:00:14.0: BAR 0 [mem 0xb1310000-0xb131ffff 64bit]
[    0.444153] pci 0000:00:14.0: PME# supported from D3hot D3cold
[    0.445259] pci 0000:00:14.2: [8086:9d31] type 00 class 0x118000 conventional PCI endpoint
[    0.445301] pci 0000:00:14.2: BAR 0 [mem 0xb1333000-0xb1333fff 64bit]
[    0.445559] pci 0000:00:15.0: [8086:9d60] type 00 class 0x118000 conventional PCI endpoint
[    0.446070] pci 0000:00:15.0: BAR 0 [mem 0xb1334000-0xb1334fff 64bit]
[    0.447036] pci 0000:00:15.1: [8086:9d61] type 00 class 0x118000 conventional PCI endpoint
[    0.447093] pci 0000:00:15.1: BAR 0 [mem 0xb1335000-0xb1335fff 64bit]
[    0.447681] pci 0000:00:16.0: [8086:9d3a] type 00 class 0x078000 conventional PCI endpoint
[    0.447734] pci 0000:00:16.0: BAR 0 [mem 0xb1336000-0xb1336fff 64bit]
[    0.447787] pci 0000:00:16.0: PME# supported from D3hot
[    0.448608] pci 0000:00:17.0: [8086:9d03] type 00 class 0x010601 conventional PCI endpoint
[    0.448649] pci 0000:00:17.0: BAR 0 [mem 0xb1330000-0xb1331fff]
[    0.448654] pci 0000:00:17.0: BAR 1 [mem 0xb1339000-0xb13390ff]
[    0.448659] pci 0000:00:17.0: BAR 2 [io  0x3080-0x3087]
[    0.448663] pci 0000:00:17.0: BAR 3 [io  0x3088-0x308b]
[    0.448668] pci 0000:00:17.0: BAR 4 [io  0x3060-0x307f]
[    0.448672] pci 0000:00:17.0: BAR 5 [mem 0xb1337000-0xb13377ff]
[    0.448714] pci 0000:00:17.0: PME# supported from D3hot
[    0.449241] pci 0000:00:1c.0: [8086:9d14] type 01 class 0x060400 PCIe Root Port
[    0.449266] pci 0000:00:1c.0: PCI bridge to [bus 01]
[    0.449274] pci 0000:00:1c.0:   bridge window [mem 0xb1200000-0xb12fffff]
[    0.449348] pci 0000:00:1c.0: PME# supported from D0 D3hot D3cold
[    0.449375] pci 0000:00:1c.0: Intel SPT PCH root port ACS workaround enabled
[    0.450371] pci 0000:00:1d.0: [8086:9d18] type 01 class 0x060400 PCIe Root Port
[    0.450394] pci 0000:00:1d.0: PCI bridge to [bus 02]
[    0.450400] pci 0000:00:1d.0:   bridge window [mem 0xb1100000-0xb11fffff]
[    0.450467] pci 0000:00:1d.0: PME# supported from D0 D3hot D3cold
[    0.450491] pci 0000:00:1d.0: Intel SPT PCH root port ACS workaround enabled
[    0.451448] pci 0000:00:1d.1: [8086:9d19] type 01 class 0x060400 PCIe Root Port
[    0.451471] pci 0000:00:1d.1: PCI bridge to [bus 03]
[    0.451478] pci 0000:00:1d.1:   bridge window [mem 0xb1000000-0xb10fffff]
[    0.451544] pci 0000:00:1d.1: PME# supported from D0 D3hot D3cold
[    0.451567] pci 0000:00:1d.1: Intel SPT PCH root port ACS workaround enabled
[    0.452536] pci 0000:00:1f.0: [8086:9d4e] type 00 class 0x060100 conventional PCI endpoint
[    0.453077] pci 0000:00:1f.2: [8086:9d21] type 00 class 0x058000 conventional PCI endpoint
[    0.453123] pci 0000:00:1f.2: BAR 0 [mem 0xb132c000-0xb132ffff]
[    0.453555] pci 0000:00:1f.3: [8086:9d71] type 00 class 0x040380 conventional PCI endpoint
[    0.453610] pci 0000:00:1f.3: BAR 0 [mem 0xb1328000-0xb132bfff 64bit]
[    0.453619] pci 0000:00:1f.3: BAR 4 [mem 0xb1300000-0xb130ffff 64bit]
[    0.453665] pci 0000:00:1f.3: PME# supported from D3hot D3cold
[    0.455070] pci 0000:00:1f.4: [8086:9d23] type 00 class 0x0c0500 conventional PCI endpoint
[    0.455201] pci 0000:00:1f.4: BAR 0 [mem 0xb1338000-0xb13380ff 64bit]
[    0.455213] pci 0000:00:1f.4: BAR 4 [io  0x3040-0x305f]
[    0.456003] pci 0000:01:00.0: [126f:2263] type 00 class 0x010802 PCIe Endpoint
[    0.456060] pci 0000:01:00.0: BAR 0 [mem 0xb1200000-0xb1203fff 64bit]
[    0.456989] pci 0000:00:1c.0: PCI bridge to [bus 01]
[    0.457078] pci 0000:02:00.0: [10ec:522a] type 00 class 0xff0000 PCIe Endpoint
[    0.457136] pci 0000:02:00.0: BAR 0 [mem 0xb1100000-0xb1100fff]
[    0.457238] pci 0000:02:00.0: supports D1 D2
[    0.457240] pci 0000:02:00.0: PME# supported from D1 D2 D3hot D3cold
[    0.457962] pci 0000:00:1d.0: PCI bridge to [bus 02]
[    0.458340] pci 0000:03:00.0: [8086:095a] type 00 class 0x028000 PCIe Endpoint
[    0.458478] pci 0000:03:00.0: BAR 0 [mem 0xb1000000-0xb1001fff 64bit]
[    0.458817] pci 0000:03:00.0: PME# supported from D0 D3hot D3cold
[    0.460177] pci 0000:00:1d.1: PCI bridge to [bus 03]
[    0.465083] ACPI: PCI: Interrupt link LNKA configured for IRQ 11
[    0.465183] ACPI: PCI: Interrupt link LNKB configured for IRQ 10
[    0.465278] ACPI: PCI: Interrupt link LNKC configured for IRQ 11
[    0.465372] ACPI: PCI: Interrupt link LNKD configured for IRQ 11
[    0.465466] ACPI: PCI: Interrupt link LNKE configured for IRQ 11
[    0.465559] ACPI: PCI: Interrupt link LNKF configured for IRQ 11
[    0.465653] ACPI: PCI: Interrupt link LNKG configured for IRQ 11
[    0.465747] ACPI: PCI: Interrupt link LNKH configured for IRQ 11
[    0.472375] ACPI: EC: interrupt unblocked
[    0.472378] ACPI: EC: event unblocked
[    0.472385] ACPI: EC: EC_CMD/EC_SC=0x66, EC_DATA=0x62
[    0.472387] ACPI: EC: GPE=0x50
[    0.472389] ACPI: \_SB_.PCI0.LPCB.EC0_: Boot DSDT EC initialization complete
[    0.472393] ACPI: \_SB_.PCI0.LPCB.EC0_: EC: Used to handle transactions and events
[    0.472513] iommu: Default domain type: Translated
[    0.472513] iommu: DMA domain TLB invalidation policy: lazy mode
[    0.472513] SCSI subsystem initialized
[    0.472513] libata version 3.00 loaded.
[    0.472513] ACPI: bus type USB registered
[    0.472513] usbcore: registered new interface driver usbfs
[    0.472513] usbcore: registered new interface driver hub
[    0.472513] usbcore: registered new device driver usb
[    0.472513] pps_core: LinuxPPS API ver. 1 registered
[    0.472513] pps_core: Software ver. 5.3.6 - Copyright 2005-2007 Rodolfo Giometti <giometti@linux.it>
[    0.472513] PTP clock support registered
[    0.473169] EDAC MC: Ver: 3.0.0
[    0.473601] efivars: Registered efivars operations
[    0.474338] NetLabel: Initializing
[    0.474340] NetLabel:  domain hash size = 128
[    0.474342] NetLabel:  protocols = UNLABELED CIPSOv4 CALIPSO
[    0.474367] NetLabel:  unlabeled traffic allowed by default
[    0.474390] mctp: management component transport protocol core
[    0.474390] NET: Registered PF_MCTP protocol family
[    0.474390] PCI: Using ACPI for IRQ routing
[    0.502854] PCI: pci_cache_line_size set to 64 bytes
[    0.503157] e820: reserve RAM buffer [mem 0x00058000-0x0005ffff]
[    0.503160] e820: reserve RAM buffer [mem 0x0009e000-0x0009ffff]
[    0.503162] e820: reserve RAM buffer [mem 0x5e915018-0x5fffffff]
[    0.503164] e820: reserve RAM buffer [mem 0x60ea9000-0x63ffffff]
[    0.503166] e820: reserve RAM buffer [mem 0x6efe5000-0x6fffffff]
[    0.503168] e820: reserve RAM buffer [mem 0x8901e000-0x8bffffff]
[    0.503170] e820: reserve RAM buffer [mem 0x8afff000-0x8bffffff]
[    0.503172] e820: reserve RAM buffer [mem 0x46f000000-0x46fffffff]
[    0.503237] pci 0000:00:02.0: vgaarb: setting as boot VGA device
[    0.503237] pci 0000:00:02.0: vgaarb: bridge control possible
[    0.503237] pci 0000:00:02.0: vgaarb: VGA device added: decodes=io+mem,owns=io+mem,locks=none
[    0.503237] vgaarb: loaded
[    0.503246] clocksource: Switched to clocksource tsc-early
[    0.504205] VFS: Disk quotas dquot_6.6.0
[    0.504220] VFS: Dquot-cache hash table entries: 512 (order 0, 4096 bytes)
[    0.504422] AppArmor: AppArmor Filesystem Enabled
[    0.504470] pnp: PnP ACPI init
[    0.504680] system 00:00: [mem 0xfd000000-0xfdabffff] has been reserved
[    0.504685] system 00:00: [mem 0xfdad0000-0xfdadffff] has been reserved
[    0.504688] system 00:00: [mem 0xfdb00000-0xfdffffff] has been reserved
[    0.504691] system 00:00: [mem 0xfe000000-0xfe01ffff] has been reserved
[    0.504693] system 00:00: [mem 0xfe036000-0xfe03bfff] has been reserved
[    0.504696] system 00:00: [mem 0xfe03d000-0xfe3fffff] has been reserved
[    0.504699] system 00:00: [mem 0xfe410000-0xfe7fffff] has been reserved
[    0.505171] system 00:01: [io  0x2000-0x20fe] has been reserved
[    0.505395] system 00:02: [io  0x0680-0x069f] has been reserved
[    0.505399] system 00:02: [io  0xffff] has been reserved
[    0.505401] system 00:02: [io  0xffff] has been reserved
[    0.505404] system 00:02: [io  0xffff] has been reserved
[    0.505407] system 00:02: [io  0x1800-0x18fe] could not be reserved
[    0.505409] system 00:02: [io  0x164e-0x164f] has been reserved
[    0.507806] system 00:06: [mem 0xfe029000-0xfe029fff] has been reserved
[    0.507810] system 00:06: [mem 0xfe028000-0xfe028fff] has been reserved
[    0.508843] system 00:07: [mem 0xfed10000-0xfed17fff] has been reserved
[    0.508847] system 00:07: [mem 0xfed18000-0xfed18fff] has been reserved
[    0.508850] system 00:07: [mem 0xfed19000-0xfed19fff] has been reserved
[    0.508852] system 00:07: [mem 0xe0000000-0xefffffff] has been reserved
[    0.508855] system 00:07: [mem 0xfed20000-0xfed3ffff] has been reserved
[    0.508858] system 00:07: [mem 0xfed90000-0xfed93fff] could not be reserved
[    0.508861] system 00:07: [mem 0xfed45000-0xfed8ffff] could not be reserved
[    0.508864] system 00:07: [mem 0xff000000-0xffffffff] has been reserved
[    0.508867] system 00:07: [mem 0xfee00000-0xfeefffff] could not be reserved
[    0.508870] system 00:07: [mem 0x90000000-0x9001ffff] has been reserved
[    0.509878] pnp: PnP ACPI: found 8 devices
[    0.516326] clocksource: acpi_pm: mask: 0xffffff max_cycles: 0xffffff, max_idle_ns: 2085701024 ns
[    0.516410] NET: Registered PF_INET protocol family
[    0.516564] IP idents hash table entries: 262144 (order: 9, 2097152 bytes, linear)
[    0.542020] tcp_listen_portaddr_hash hash table entries: 8192 (order: 5, 131072 bytes, linear)
[    0.542049] Table-perturb hash table entries: 65536 (order: 6, 262144 bytes, linear)
[    0.542138] TCP established hash table entries: 131072 (order: 8, 1048576 bytes, linear)
[    0.542356] TCP bind hash table entries: 65536 (order: 9, 2097152 bytes, linear)
[    0.542640] TCP: Hash tables configured (established 131072 bind 65536)
[    0.542745] MPTCP token hash table entries: 16384 (order: 6, 393216 bytes, linear)
[    0.542819] UDP hash table entries: 8192 (order: 7, 524288 bytes, linear)
[    0.542913] UDP-Lite hash table entries: 8192 (order: 7, 524288 bytes, linear)
[    0.543032] NET: Registered PF_UNIX/PF_LOCAL protocol family
[    0.543040] NET: Registered PF_XDP protocol family
[    0.543060] pci 0000:00:1c.0: PCI bridge to [bus 01]
[    0.543068] pci 0000:00:1c.0:   bridge window [mem 0xb1200000-0xb12fffff]
[    0.543077] pci 0000:00:1d.0: PCI bridge to [bus 02]
[    0.543081] pci 0000:00:1d.0:   bridge window [mem 0xb1100000-0xb11fffff]
[    0.543089] pci 0000:00:1d.1: PCI bridge to [bus 03]
[    0.543093] pci 0000:00:1d.1:   bridge window [mem 0xb1000000-0xb10fffff]
[    0.543101] pci_bus 0000:00: resource 4 [io  0x0000-0x0cf7 window]
[    0.543104] pci_bus 0000:00: resource 5 [io  0x0d00-0xffff window]
[    0.543107] pci_bus 0000:00: resource 6 [mem 0x000a0000-0x000fffff window]
[    0.543109] pci_bus 0000:00: resource 7 [mem 0x90000000-0xdfffffff window]
[    0.543112] pci_bus 0000:00: resource 8 [mem 0xfd000000-0xfe80ffff window]
[    0.543115] pci_bus 0000:01: resource 1 [mem 0xb1200000-0xb12fffff]
[    0.543118] pci_bus 0000:02: resource 1 [mem 0xb1100000-0xb11fffff]
[    0.543120] pci_bus 0000:03: resource 1 [mem 0xb1000000-0xb10fffff]
[    0.544017] PCI: CLS 64 bytes, default 64
[    0.544074] pci 0000:00:1f.1: [8086:9d20] type 00 class 0x058000 conventional PCI endpoint
[    0.544213] pci 0000:00:1f.1: BAR 0 [mem 0xfd000000-0xfdffffff 64bit]
[    0.544387] DMAR: ACPI device "device:73" under DMAR at fed91000 as 00:15.0
[    0.544393] DMAR: ACPI device "device:74" under DMAR at fed91000 as 00:15.1
[    0.544405] DMAR: No ATSR found
[    0.544407] DMAR: No SATC found
[    0.544409] DMAR: dmar1: Using Queued invalidation
[    0.544447] Trying to unpack rootfs image as initramfs...
[    0.544508] pci 0000:00:00.0: Adding to iommu group 0
[    0.544523] pci 0000:00:04.0: Adding to iommu group 1
[    0.544536] pci 0000:00:13.0: Adding to iommu group 2
[    0.544560] pci 0000:00:14.0: Adding to iommu group 3
[    0.544572] pci 0000:00:14.2: Adding to iommu group 3
[    0.544593] pci 0000:00:15.0: Adding to iommu group 4
[    0.544605] pci 0000:00:15.1: Adding to iommu group 4
[    0.544622] pci 0000:00:16.0: Adding to iommu group 5
[    0.544636] pci 0000:00:17.0: Adding to iommu group 6
[    0.544650] pci 0000:00:1c.0: Adding to iommu group 7
[    0.544666] pci 0000:00:1d.0: Adding to iommu group 8
[    0.544680] pci 0000:00:1d.1: Adding to iommu group 9
[    0.544712] pci 0000:00:1f.0: Adding to iommu group 10
[    0.544726] pci 0000:00:1f.2: Adding to iommu group 10
[    0.544739] pci 0000:00:1f.3: Adding to iommu group 10
[    0.544753] pci 0000:00:1f.4: Adding to iommu group 10
[    0.544767] pci 0000:01:00.0: Adding to iommu group 11
[    0.544783] pci 0000:02:00.0: Adding to iommu group 12
[    0.544796] pci 0000:03:00.0: Adding to iommu group 13
[    0.546060] DMAR: Intel(R) Virtualization Technology for Directed I/O
[    0.546063] PCI-DMA: Using software bounce buffering for IO (SWIOTLB)
[    0.546065] software IO TLB: mapped [mem 0x0000000084a43000-0x0000000088a43000] (64MB)
[    0.587087] Initialise system trusted keyrings
[    0.587106] Key type blacklist registered
[    0.587181] workingset: timestamp_bits=36 max_order=22 bucket_order=0
[    0.587201] zbud: loaded
[    0.587696] squashfs: version 4.0 (2009/01/31) Phillip Lougher
[    0.587858] fuse: init (API version 7.42)
[    0.588092] integrity: Platform Keyring initialized
[    0.588100] integrity: Machine keyring initialized
[    0.609000] Key type asymmetric registered
[    0.609004] Asymmetric key parser 'x509' registered
[    0.609043] Block layer SCSI generic (bsg) driver version 0.4 loaded (major 243)
[    0.609132] io scheduler mq-deadline registered
[    0.613653] ledtrig-cpu: registered to indicate activity on CPUs
[    0.614133] pcieport 0000:00:1c.0: PME: Signaling with IRQ 121
[    0.614245] pcieport 0000:00:1c.0: AER: enabled with IRQ 121
[    0.614711] pcieport 0000:00:1d.0: PME: Signaling with IRQ 122
[    0.614815] pcieport 0000:00:1d.0: AER: enabled with IRQ 122
[    0.615194] pcieport 0000:00:1d.1: PME: Signaling with IRQ 123
[    0.615283] pcieport 0000:00:1d.1: AER: enabled with IRQ 123
[    0.615453] shpchp: Standard Hot Plug PCI Controller Driver version: 0.4
[    0.618464] ACPI: AC: AC Adapter [ADP1] (on-line)
[    0.618569] input: Lid Switch as /devices/LNXSYSTM:00/LNXSYBUS:00/PNP0C0D:01/input/input0
[    0.618609] ACPI: button: Lid Switch [LID0]
[    0.618652] input: Power Button as /devices/LNXSYSTM:00/LNXSYBUS:00/PNP0C0C:00/input/input1
[    0.618679] ACPI: button: Power Button [PWRB]
[    0.618723] input: Power Button as /devices/LNXSYSTM:00/LNXPWRBN:00/input/input2
[    0.618777] ACPI: button: Power Button [PWRF]
[    0.626470] ACPI: \_TZ_.TZS0: _PSL evaluation failure
[    0.626922] thermal LNXTHERM:00: registered as thermal_zone0
[    0.626926] ACPI: thermal: Thermal Zone [TZS0] (36 C)
[    0.627533] thermal LNXTHERM:01: registered as thermal_zone1
[    0.627537] ACPI: thermal: Thermal Zone [TZS1] (26 C)
[    0.627998] Serial: 8250/16550 driver, 32 ports, IRQ sharing enabled
[    0.632777] hpet_acpi_add: no address or irqs in _CRS
[    0.632819] Linux agpgart interface v0.103
[    0.635322] ACPI: battery: Slot [BAT0] (battery present)
[    0.648789] loop: module loaded
[    0.649157] ACPI: bus type drm_connector registered
[    0.649530] tun: Universal TUN/TAP device driver, 1.6
[    0.649596] PPP generic driver version 2.4.2
[    0.649962] xhci_hcd 0000:00:14.0: xHCI Host Controller
[    0.649971] xhci_hcd 0000:00:14.0: new USB bus registered, assigned bus number 1
[    0.651125] xhci_hcd 0000:00:14.0: hcc params 0x200077c1 hci version 0x100 quirks 0x0000000081109810
[    0.651768] xhci_hcd 0000:00:14.0: xHCI Host Controller
[    0.651776] xhci_hcd 0000:00:14.0: new USB bus registered, assigned bus number 2
[    0.651781] xhci_hcd 0000:00:14.0: Host supports USB 3.0 SuperSpeed
[    0.651838] usb usb1: New USB device found, idVendor=1d6b, idProduct=0002, bcdDevice= 6.14
[    0.651842] usb usb1: New USB device strings: Mfr=3, Product=2, SerialNumber=1
[    0.651845] usb usb1: Product: xHCI Host Controller
[    0.651848] usb usb1: Manufacturer: Linux 6.14.0-37-generic xhci-hcd
[    0.651850] usb usb1: SerialNumber: 0000:00:14.0
[    0.652055] hub 1-0:1.0: USB hub found
[    0.652079] hub 1-0:1.0: 12 ports detected
[    0.655497] usb usb2: New USB device found, idVendor=1d6b, idProduct=0003, bcdDevice= 6.14
[    0.655502] usb usb2: New USB device strings: Mfr=3, Product=2, SerialNumber=1
[    0.655506] usb usb2: Product: xHCI Host Controller
[    0.655508] usb usb2: Manufacturer: Linux 6.14.0-37-generic xhci-hcd
[    0.655511] usb usb2: SerialNumber: 0000:00:14.0
[    0.655676] hub 2-0:1.0: USB hub found
[    0.655691] hub 2-0:1.0: 6 ports detected
[    0.657570] i8042: PNP: PS/2 Controller [PNP0303:KBD0,PNP0f13:PS2M] at 0x60,0x64 irq 1,12
[    0.662045] serio: i8042 KBD port at 0x60,0x64 irq 1
[    0.662052] serio: i8042 AUX port at 0x60,0x64 irq 12
[    0.662229] mousedev: PS/2 mouse device common for all mice
[    0.662465] rtc_cmos 00:03: RTC can wake from S4
[    0.663194] rtc_cmos 00:03: registered as rtc0
[    0.663330] rtc_cmos 00:03: setting system clock to 2026-02-01T02:17:50 UTC (1769912270)
[    0.663379] rtc_cmos 00:03: alarms up to one month, y3k, 242 bytes nvram
[    0.663393] i2c_dev: i2c /dev entries driver
[    0.664829] device-mapper: core: CONFIG_IMA_DISABLE_HTABLE is disabled. Duplicate IMA measurements will not be recorded in the IMA log.
[    0.664859] device-mapper: uevent: version 1.0.3
[    0.664977] device-mapper: ioctl: 4.49.0-ioctl (2025-01-17) initialised: dm-devel@lists.linux.dev
[    0.664986] intel_pstate: Intel P-state driver initializing
[    0.665262] intel_pstate: HWP enabled
[    0.665512] simple-framebuffer simple-framebuffer.0: [drm] Registered 1 planes with drm panic
[    0.665514] [drm] Initialized simpledrm 1.0.0 for simple-framebuffer.0 on minor 0
[    0.667184] fbcon: Deferring console take-over
[    0.667188] simple-framebuffer simple-framebuffer.0: [drm] fb0: simpledrmdrmfb frame buffer device
[    0.667282] drop_monitor: Initializing network drop monitor service
[    0.667410] NET: Registered PF_INET6 protocol family
[    0.669222] input: AT Translated Set 2 keyboard as /devices/platform/i8042/serio0/input/input3
[    0.687081] Freeing initrd memory: 71396K
[    0.692583] Segment Routing with IPv6
[    0.692598] In-situ OAM (IOAM) with IPv6
[    0.692625] NET: Registered PF_PACKET protocol family
[    0.692661] Key type dns_resolver registered
[    0.693181] ENERGY_PERF_BIAS: Set to 'normal', was 'performance'
[    0.693281] microcode: Current revision: 0x000000f6
[    0.693283] microcode: Updated early from: 0x00000066
[    0.693614] IPI shorthand broadcast: enabled
[    0.695139] sched_clock: Marking stable (688001165, 6283740)->(776453927, -82169022)
[    0.695302] registered taskstats version 1
[    0.695822] Loading compiled-in X.509 certificates
[    0.696274] Loaded X.509 cert 'Build time autogenerated kernel key: b878835a90265075bf75bb69cfcef4210fdf14ae'
[    0.696671] Loaded X.509 cert 'Canonical Ltd. Live Patch Signing 2025 Kmod: d541cef61dc7e793b7eb7e899970a2eef0b5dc8c'
[    0.697067] Loaded X.509 cert 'Canonical Ltd. Live Patch Signing: 14df34d1a87cf37625abec039ef2bf521249b969'
[    0.697470] Loaded X.509 cert 'Canonical Ltd. Kernel Module Signing: 88f752e560a1e0737e31163a466ad7b70a850c19'
[    0.697471] blacklist: Loading compiled-in revocation X.509 certificates
[    0.697485] Loaded X.509 cert 'Canonical Ltd. Secure Boot Signing: 61482aa2830d0ab2ad5af10b7250da9033ddcef0'
[    0.697497] Loaded X.509 cert 'Canonical Ltd. Secure Boot Signing (2017): 242ade75ac4a15e50d50c84b0d45ff3eae707a03'
[    0.697508] Loaded X.509 cert 'Canonical Ltd. Secure Boot Signing (ESM 2018): 365188c1d374d6b07c3c8f240f8ef722433d6a8b'
[    0.697519] Loaded X.509 cert 'Canonical Ltd. Secure Boot Signing (2019): c0746fd6c5da3ae827864651ad66ae47fe24b3e8'
[    0.697529] Loaded X.509 cert 'Canonical Ltd. Secure Boot Signing (2021 v1): a8d54bbb3825cfb94fa13c9f8a594a195c107b8d'
[    0.697540] Loaded X.509 cert 'Canonical Ltd. Secure Boot Signing (2021 v2): 4cf046892d6fd3c9a5b03f98d845f90851dc6a8c'
[    0.697551] Loaded X.509 cert 'Canonical Ltd. Secure Boot Signing (2021 v3): 100437bb6de6e469b581e61cd66bce3ef4ed53af'
[    0.697562] Loaded X.509 cert 'Canonical Ltd. Secure Boot Signing (Ubuntu Core 2019): c1d57b8f6b743f23ee41f4f7ee292f06eecadfb9'
[    0.701144] Demotion targets for Node 0: null
[    0.701229] Key type .fscrypt registered
[    0.701230] Key type fscrypt-provisioning registered
[    0.701288] Key type trusted registered
[    0.713280] Key type encrypted registered
[    0.713287] AppArmor: AppArmor sha256 policy hashing enabled
[    0.715033] integrity: Loading X.509 certificate: UEFI:db
[    0.715069] integrity: Loaded X.509 cert 'Microsoft Windows Production PCA 2011: a92902398e16c49778cd90f99e4f9ae17c55af53'
[    0.715070] integrity: Loading X.509 certificate: UEFI:db
[    0.715086] integrity: Loaded X.509 cert 'Microsoft Corporation UEFI CA 2011: 13adbf4309bd82709c8cd54f316ed522988a1bd4'
[    0.715088] integrity: Loading X.509 certificate: UEFI:db
[    0.715103] integrity: Loaded X.509 cert 'HP Inc.: HP UEFI Secure Boot DB 2017: d9c01b50cfcae89d3b05345c163aa76e5dd589e7'
[    0.720804] integrity: Loading X.509 certificate: UEFI:MokListRT (MOKvar table)
[    0.721166] integrity: Loaded X.509 cert 'Canonical Ltd. Master Certificate Authority: ad91990bc22ab1f517048c23b6655a268e345a63'
[    0.721175] Loading compiled-in module X.509 certificates
[    0.721579] Loaded X.509 cert 'Build time autogenerated kernel key: b878835a90265075bf75bb69cfcef4210fdf14ae'
[    0.721581] ima: Allocated hash algorithm: sha256
[    0.749414] audit: type=1807 audit(1769912270.584:2): action=measure func=KEXEC_KERNEL_CHECK res=1
[    0.749419] audit: type=1807 audit(1769912270.584:3): action=measure func=MODULE_CHECK res=1
[    0.749436] evm: Initialising EVM extended attributes:
[    0.749438] evm: security.selinux
[    0.749440] evm: security.SMACK64
[    0.749441] evm: security.SMACK64EXEC
[    0.749443] evm: security.SMACK64TRANSMUTE
[    0.749444] evm: security.SMACK64MMAP
[    0.749446] evm: security.apparmor
[    0.749447] evm: security.ima
[    0.749448] evm: security.capability
[    0.749450] evm: HMAC attrs: 0x1
[    0.749808] PM:   Magic number: 14:975:256
[    0.754228] RAS: Correctable Errors collector initialized.
[    0.771611] Lockdown: swapper/0: hibernation is restricted; see man kernel_lockdown.7
[    0.771644] clk: Disabling unused clocks
[    0.771646] PM: genpd: Disabling unused power domains
[    0.773357] Freeing unused decrypted memory: 2028K
[    0.774532] Freeing unused kernel image (initmem) memory: 5140K
[    0.774682] Write protecting the kernel read-only data: 38912k
[    0.775626] Freeing unused kernel image (text/rodata gap) memory: 1052K
[    0.776241] Freeing unused kernel image (rodata/data gap) memory: 1312K
[    0.821976] x86/mm: Checked W+X mappings: passed, no W+X pages found.
[    0.821977] x86/mm: Checking user space page tables
[    0.860862] x86/mm: Checked W+X mappings: passed, no W+X pages found.
[    0.860866] Run /init as init process
[    0.860867]   with arguments:
[    0.860869]     /init
[    0.860870]     splash
[    0.860871]   with environment:
[    0.860871]     HOME=/
[    0.860872]     TERM=linux
[    0.860873]     BOOT_IMAGE=/boot/vmlinuz-6.14.0-37-generic
[    0.892338] usb 1-4: new high-speed USB device number 2 using xhci_hcd
[    1.021270] wmi_bus wmi_bus-PNP0C14:02: [Firmware Info]: 8232DE3D-663D-4327-A8F4-E293ADB9BF05 has zero instances
[    1.021275] wmi_bus wmi_bus-PNP0C14:02: [Firmware Info]: 8F1F6436-9F42-42C8-BADC-0E9424F20C9A has zero instances
[    1.021276] wmi_bus wmi_bus-PNP0C14:02: [Firmware Info]: 8F1F6435-9F42-42C8-BADC-0E9424F20C9A has zero instances
[    1.021278] wmi_bus wmi_bus-PNP0C14:02: [Firmware Info]: DF4E63B6-3BBC-4858-9737-C74F82F821F3 has zero instances
[    1.028116] hid: raw HID events driver (C) Jiri Kosina
[    1.058740] ahci 0000:00:17.0: version 3.0
[    1.058988] ahci 0000:00:17.0: AHCI vers 0001.0301, 32 command slots, 6 Gbps, SATA mode
[    1.058991] ahci 0000:00:17.0: 1/1 ports implemented (port mask 0x4)
[    1.058993] ahci 0000:00:17.0: flags: 64bit ncq pm led clo only pio slum part deso sadm sds apst 
[    1.059297] scsi host0: ahci
[    1.059360] usb 1-4: New USB device found, idVendor=0bda, idProduct=58e6, bcdDevice= 0.10
[    1.059363] usb 1-4: New USB device strings: Mfr=3, Product=1, SerialNumber=2
[    1.059365] usb 1-4: Product: HP Wide Vision FHD Camera
[    1.059367] usb 1-4: Manufacturer: DGFST019I93AVM
[    1.059368] usb 1-4: SerialNumber: 200901010001
[    1.059443] scsi host1: ahci
[    1.059591] scsi host2: ahci
[    1.059641] ata1: DUMMY
[    1.059643] ata2: DUMMY
[    1.059650] ata3: SATA max UDMA/133 abar m2048@0xb1337000 port 0xb1337200 irq 133 lpm-pol 3
[    1.081212] intel-lpss 0000:00:15.0: enabling device (0000 -> 0002)
[    1.081422] platform idma64.0: Adding to iommu group 14
[    1.081562] idma64 idma64.0: Found Intel integrated DMA 64-bit
[    1.081608] platform i2c_designware.0: Adding to iommu group 15
[    1.087963] intel-lpss 0000:00:15.1: enabling device (0000 -> 0002)
[    1.088134] platform idma64.1: Adding to iommu group 16
[    1.088275] idma64 idma64.1: Found Intel integrated DMA 64-bit
[    1.088309] platform i2c_designware.1: Adding to iommu group 17
[    1.174329] usb 1-6: new full-speed USB device number 3 using xhci_hcd
[    1.179922] i2c_hid_acpi i2c-ELAN0732:00: i2c_hid_get_input: IRQ triggered but there's no data
[    1.299498] usb 1-6: New USB device found, idVendor=8087, idProduct=0a2a, bcdDevice= 0.03
[    1.299515] usb 1-6: New USB device strings: Mfr=0, Product=0, SerialNumber=0
[    1.371020] ata3: SATA link down (SStatus 4 SControl 300)
[    1.390671] nvme nvme0: pci function 0000:01:00.0
[    1.394596] input: ELAN0732:00 04F3:2537 Touchscreen as /devices/pci0000:00/0000:00:15.1/i2c_designware.1/i2c-1/i2c-ELAN0732:00/0018:04F3:2537.0001/input/input6
[    1.394934] input: ELAN0732:00 04F3:2537 as /devices/pci0000:00/0000:00:15.1/i2c_designware.1/i2c-1/i2c-ELAN0732:00/0018:04F3:2537.0001/input/input7
[    1.395110] input: ELAN0732:00 04F3:2537 as /devices/pci0000:00/0000:00:15.1/i2c_designware.1/i2c-1/i2c-ELAN0732:00/0018:04F3:2537.0001/input/input8
[    1.395273] input: ELAN0732:00 04F3:2537 Stylus as /devices/pci0000:00/0000:00:15.1/i2c_designware.1/i2c-1/i2c-ELAN0732:00/0018:04F3:2537.0001/input/input9
[    1.395669] hid-generic 0018:04F3:2537.0001: input,hidraw0: I2C HID v1.00 Device [ELAN0732:00 04F3:2537] on i2c-ELAN0732:00
[    1.396130] nvme nvme0: missing or invalid SUBNQN field.
[    1.416380] nvme nvme0: allocated 64 MiB host memory buffer (1 segment).
[    1.432329] nvme nvme0: 8/0/0 default/read/poll queues
[    1.436983] nvme nvme0: Ignoring bogus Namespace Identifiers
[    1.440173]  nvme0n1: p1 p2 p3 p4 p5 p6 p7 p8
[    1.548798] input: ELAN0732:00 04F3:2537 as /devices/pci0000:00/0000:00:15.1/i2c_designware.1/i2c-1/i2c-ELAN0732:00/0018:04F3:2537.0001/input/input11
[    1.549547] input: ELAN0732:00 04F3:2537 UNKNOWN as /devices/pci0000:00/0000:00:15.1/i2c_designware.1/i2c-1/i2c-ELAN0732:00/0018:04F3:2537.0001/input/input12
[    1.549978] input: ELAN0732:00 04F3:2537 UNKNOWN as /devices/pci0000:00/0000:00:15.1/i2c_designware.1/i2c-1/i2c-ELAN0732:00/0018:04F3:2537.0001/input/input13
[    1.550416] input: ELAN0732:00 04F3:2537 Stylus as /devices/pci0000:00/0000:00:15.1/i2c_designware.1/i2c-1/i2c-ELAN0732:00/0018:04F3:2537.0001/input/input14
[    1.551003] hid-multitouch 0018:04F3:2537.0001: input,hidraw0: I2C HID v1.00 Device [ELAN0732:00 04F3:2537] on i2c-ELAN0732:00
[    1.572392] tsc: Refined TSC clocksource calibration: 1992.004 MHz
[    1.572412] clocksource: tsc: mask: 0xffffffffffffffff max_cycles: 0x396d59a56c3, max_idle_ns: 881590573781 ns
[    1.572510] clocksource: Switched to clocksource tsc
[    1.751590] psmouse serio1: synaptics: queried max coordinates: x [..5640], y [..4740]
[    1.754271] ish-hid {33AECD58-B679-4E54-9BD9-A04D34F0C226}: [hid-ish]: enum_devices_done OK, num_hid_devices=2
[    1.769372] hid-generic 001F:8087:0AC2.0002: hidraw1: SENSOR HUB HID v2.00 Device [hid-ishtp 8087:0AC2] on 
[    1.784669] psmouse serio1: synaptics: queried min coordinates: x [1302..], y [1116..]
[    1.784698] psmouse serio1: synaptics: Your touchpad (PNP: SYN324f PNP0f13) says it can support a different bus. If i2c-hid and hid-rmi are not used, you might want to try setting psmouse.synaptics_intertouch to 1 and report this to linux-input@vger.kernel.org.
[    1.786917] hid-generic 001F:8087:0AC2.0003: hidraw2: SENSOR HUB HID v2.00 Device [hid-ishtp 8087:0AC2] on 
[    1.800806] hid-sensor-hub 001F:8087:0AC2.0002: hidraw1: SENSOR HUB HID v2.00 Device [hid-ishtp 8087:0AC2] on 
[    1.804531] hid-sensor-hub 001F:8087:0AC2.0003: hidraw2: SENSOR HUB HID v2.00 Device [hid-ishtp 8087:0AC2] on 
[    1.836806] psmouse serio1: synaptics: Touchpad model: 1, fw: 8.2, id: 0x1e2b1, caps: 0xf00123/0x840300/0x12e800/0x400000, board id: 3314, fw id: 2544170
[    1.870261] input: SynPS/2 Synaptics TouchPad as /devices/platform/i8042/serio1/input/input5
[    2.132018] EXT4-fs (nvme0n1p8): mounted filesystem e01839ed-834d-4913-abb9-728a20f442c5 ro with ordered data mode. Quota mode: none.
[    2.301115] systemd[1]: Inserted module 'autofs4'
[    2.465455] systemd[1]: systemd 255.4-1ubuntu8.10 running in system mode (+PAM +AUDIT +SELINUX +APPARMOR +IMA +SMACK +SECCOMP +GCRYPT -GNUTLS +OPENSSL +ACL +BLKID +CURL +ELFUTILS +FIDO2 +IDN2 -IDN +IPTC +KMOD +LIBCRYPTSETUP +LIBFDISK +PCRE2 -PWQUALITY +P11KIT +QRENCODE +TPM2 +BZIP2 +LZ4 +XZ +ZLIB +ZSTD -BPF_FRAMEWORK -XKBCOMMON +UTMP +SYSVINIT default-hierarchy=unified)
[    2.465468] systemd[1]: Detected architecture x86-64.
[    2.466946] systemd[1]: Hostname set to <madhaviubuntu-HP-ENVY-x360-Convertible-15m-bp1xx>.
[    2.626773] systemd[1]: Queued start job for default target graphical.target.
[    2.657588] systemd[1]: Created slice system-modprobe.slice - Slice /system/modprobe.
[    2.658151] systemd[1]: Created slice system-systemd\x2dfsck.slice - Slice /system/systemd-fsck.
[    2.658472] systemd[1]: Created slice user.slice - User and Session Slice.
[    2.658564] systemd[1]: Started systemd-ask-password-wall.path - Forward Password Requests to Wall Directory Watch.
[    2.658798] systemd[1]: Set up automount proc-sys-fs-binfmt_misc.automount - Arbitrary Executable File Formats File System Automount Point.
[    2.658826] systemd[1]: Expecting device dev-disk-by\x2duuid-B24D\x2d13D9.device - /dev/disk/by-uuid/B24D-13D9...
[    2.658868] systemd[1]: Reached target integritysetup.target - Local Integrity Protected Volumes.
[    2.658920] systemd[1]: Reached target remote-fs.target - Remote File Systems.
[    2.658938] systemd[1]: Reached target slices.target - Slice Units.
[    2.658958] systemd[1]: Reached target snapd.mounts-pre.target - Mounting snaps.
[    2.658983] systemd[1]: Reached target swap.target - Swaps.
[    2.659021] systemd[1]: Reached target veritysetup.target - Local Verity Protected Volumes.
[    2.659274] systemd[1]: Listening on syslog.socket - Syslog Socket.
[    2.659416] systemd[1]: Listening on systemd-fsckd.socket - fsck to fsckd communication Socket.
[    2.659498] systemd[1]: Listening on systemd-initctl.socket - initctl Compatibility Named Pipe.
[    2.659644] systemd[1]: Listening on systemd-journald-dev-log.socket - Journal Socket (/dev/log).
[    2.659810] systemd[1]: Listening on systemd-journald.socket - Journal Socket.
[    2.660075] systemd[1]: Listening on systemd-oomd.socket - Userspace Out-Of-Memory (OOM) Killer Socket.
[    2.660123] systemd[1]: systemd-pcrextend.socket - TPM2 PCR Extension (Varlink) was skipped because of an unmet condition check (ConditionSecurity=measured-uki).
[    2.660336] systemd[1]: Listening on systemd-udevd-control.socket - udev Control Socket.
[    2.660461] systemd[1]: Listening on systemd-udevd-kernel.socket - udev Kernel Socket.
[    2.661616] systemd[1]: Mounting dev-hugepages.mount - Huge Pages File System...
[    2.662435] systemd[1]: Mounting dev-mqueue.mount - POSIX Message Queue File System...
[    2.663265] systemd[1]: Mounting sys-kernel-debug.mount - Kernel Debug File System...
[    2.664045] systemd[1]: Mounting sys-kernel-tracing.mount - Kernel Trace File System...
[    2.667043] systemd[1]: Starting systemd-journald.service - Journal Service...
[    2.668845] systemd[1]: Starting keyboard-setup.service - Set the console keyboard layout...
[    2.670105] systemd[1]: Starting kmod-static-nodes.service - Create List of Static Device Nodes...
[    2.671696] systemd[1]: Starting modprobe@configfs.service - Load Kernel Module configfs...
[    2.673078] systemd[1]: Starting modprobe@dm_mod.service - Load Kernel Module dm_mod...
[    2.674725] systemd[1]: Starting modprobe@drm.service - Load Kernel Module drm...
[    2.676196] systemd[1]: Starting modprobe@efi_pstore.service - Load Kernel Module efi_pstore...
[    2.677976] systemd[1]: Starting modprobe@fuse.service - Load Kernel Module fuse...
[    2.680667] systemd[1]: Starting modprobe@loop.service - Load Kernel Module loop...
[    2.680965] systemd[1]: systemd-fsck-root.service - File System Check on Root Device was skipped because of an unmet condition check (ConditionPathExists=!/run/initramfs/fsck-root).
[    2.683159] systemd[1]: Starting systemd-modules-load.service - Load Kernel Modules...
[    2.683192] systemd[1]: systemd-pcrmachine.service - TPM2 PCR Machine ID Measurement was skipped because of an unmet condition check (ConditionSecurity=measured-uki).
[    2.684454] systemd[1]: Starting systemd-remount-fs.service - Remount Root and Kernel File Systems...
[    2.684523] systemd[1]: systemd-tpm2-setup-early.service - TPM2 SRK Setup (Early) was skipped because of an unmet condition check (ConditionSecurity=measured-uki).
[    2.685741] systemd[1]: Starting systemd-udev-trigger.service - Coldplug All udev Devices...
[    2.687980] systemd[1]: Mounted dev-hugepages.mount - Huge Pages File System.
[    2.688135] systemd[1]: Mounted dev-mqueue.mount - POSIX Message Queue File System.
[    2.688275] systemd[1]: Mounted sys-kernel-debug.mount - Kernel Debug File System.
[    2.688468] systemd[1]: Mounted sys-kernel-tracing.mount - Kernel Trace File System.
[    2.688740] systemd[1]: Finished kmod-static-nodes.service - Create List of Static Device Nodes.
[    2.689081] systemd[1]: modprobe@configfs.service: Deactivated successfully.
[    2.689217] systemd[1]: Finished modprobe@configfs.service - Load Kernel Module configfs.
[    2.689542] systemd[1]: modprobe@dm_mod.service: Deactivated successfully.
[    2.689720] systemd[1]: Finished modprobe@dm_mod.service - Load Kernel Module dm_mod.
[    2.690027] systemd[1]: modprobe@drm.service: Deactivated successfully.
[    2.690207] systemd[1]: Finished modprobe@drm.service - Load Kernel Module drm.
[    2.690592] systemd[1]: modprobe@fuse.service: Deactivated successfully.
[    2.690783] systemd[1]: Finished modprobe@fuse.service - Load Kernel Module fuse.
[    2.690886] pstore: Using crash dump compression: deflate
[    2.690909] systemd-journald[334]: Collecting audit messages is disabled.
[    2.691432] systemd[1]: modprobe@loop.service: Deactivated successfully.
[    2.691758] systemd[1]: Finished modprobe@loop.service - Load Kernel Module loop.
[    2.694270] systemd[1]: Mounting sys-fs-fuse-connections.mount - FUSE Control File System...
[    2.696191] systemd[1]: Mounting sys-kernel-config.mount - Kernel Configuration File System...
[    2.696255] systemd[1]: systemd-repart.service - Repartition Root Disk was skipped because no trigger condition checks were met.
[    2.697849] systemd[1]: Starting systemd-tmpfiles-setup-dev-early.service - Create Static Device Nodes in /dev gracefully...
[    2.703899] systemd[1]: Mounted sys-fs-fuse-connections.mount - FUSE Control File System.
[    2.710054] EXT4-fs (nvme0n1p8): re-mounted e01839ed-834d-4913-abb9-728a20f442c5 r/w.
[    2.713379] lp: driver loaded but no devices found
[    2.716219] systemd[1]: Finished systemd-remount-fs.service - Remount Root and Kernel File Systems.
[    2.717766] systemd[1]: Mounted sys-kernel-config.mount - Kernel Configuration File System.
[    2.719523] systemd[1]: systemd-hwdb-update.service - Rebuild Hardware Database was skipped because of an unmet condition check (ConditionNeedsUpdate=/etc).
[    2.721612] systemd[1]: Starting systemd-random-seed.service - Load/Save OS Random Seed...
[    2.721646] systemd[1]: systemd-tpm2-setup.service - TPM2 SRK Setup was skipped because of an unmet condition check (ConditionSecurity=measured-uki).
[    2.722019] systemd[1]: Finished systemd-tmpfiles-setup-dev-early.service - Create Static Device Nodes in /dev gracefully.
[    2.722251] systemd[1]: systemd-sysusers.service - Create System Users was skipped because no trigger condition checks were met.
[    2.722580] ppdev: user-space parallel port driver
[    2.723518] systemd[1]: Starting systemd-tmpfiles-setup-dev.service - Create Static Device Nodes in /dev...
[    2.737304] systemd[1]: Finished systemd-tmpfiles-setup-dev.service - Create Static Device Nodes in /dev.
[    2.738576] systemd[1]: Starting systemd-udevd.service - Rule-based Manager for Device Events and Files...
[    2.751553] systemd[1]: Finished systemd-random-seed.service - Load/Save OS Random Seed.
[    2.752676] pstore: Registered efi_pstore as persistent store backend
[    2.753432] systemd[1]: modprobe@efi_pstore.service: Deactivated successfully.
[    2.753599] systemd[1]: Finished modprobe@efi_pstore.service - Load Kernel Module efi_pstore.
[    2.753870] systemd[1]: Finished systemd-modules-load.service - Load Kernel Modules.
[    2.754004] systemd[1]: systemd-pstore.service - Platform Persistent Storage Archival was skipped because of an unmet condition check (ConditionDirectoryNotEmpty=/sys/fs/pstore).
[    2.754831] systemd[1]: Starting systemd-sysctl.service - Apply Kernel Variables...
[    2.756059] systemd[1]: Started systemd-journald.service - Journal Service.
[    2.765938] systemd-journald[334]: Received client request to flush runtime journal.
[    2.767524] systemd-journald[334]: File /var/log/journal/8d839de266ef46e8a8decc71dd8afcb9/system.journal corrupted or uncleanly shut down, renaming and replacing.
[    2.807199] loop0: detected capacity change from 0 to 8
[    2.811597] loop1: detected capacity change from 0 to 151448
[    2.813205] loop2: detected capacity change from 0 to 151464
[    2.814498] loop3: detected capacity change from 0 to 515360
[    2.817327] loop4: detected capacity change from 0 to 515496
[    2.818352] loop5: detected capacity change from 0 to 22800
[    2.826596] loop6: detected capacity change from 0 to 37864
[    2.854709] loop7: detected capacity change from 0 to 1056784
[    2.870394] loop8: detected capacity change from 0 to 187776
[    2.885488] loop9: detected capacity change from 0 to 22176
[    2.907370] loop10: detected capacity change from 0 to 98480
[    2.907926] loop11: detected capacity change from 0 to 100952
[    2.933995] loop12: detected capacity change from 0 to 1152
[    2.937572] loop13: detected capacity change from 0 to 1152
[    4.661092] input: Wireless hotkeys as /devices/virtual/input/input16
[    4.723783] hp_accel: laptop model unknown, using default axes configuration
[    4.743691] lis3lv02d: unknown sensor type 0x0
[    4.965202] intel_pmc_core INT33A1:00:  initialized
[    5.150825] acpi INT33D6:00: intel-vbtn: created platform device
[    5.217630] input: Intel Virtual Buttons as /devices/pci0000:00/0000:00:1f.0/PNP0C09:01/INT33D6:01/input/input17
[    5.432334] input: Intel Virtual Buttons as /devices/platform/INT33D6:00/input/input19
[    5.579087] mei_me 0000:00:16.0: enabling device (0000 -> 0002)
[    5.770926] i801_smbus 0000:00:1f.4: SPD Write Disable is set
[    5.771004] i801_smbus 0000:00:1f.4: SMBus using PCI interrupt
[    5.941271] mc: Linux media interface: v0.10
[    6.359927] Bluetooth: Core ver 2.22
[    6.360075] NET: Registered PF_BLUETOOTH protocol family
[    6.360092] Bluetooth: HCI device and connection manager initialized
[    6.360118] Bluetooth: HCI socket layer initialized
[    6.360138] Bluetooth: L2CAP socket layer initialized
[    6.360175] Bluetooth: SCO socket layer initialized
[    6.858537] cfg80211: Loading compiled-in X.509 certificates for regulatory database
[    6.860833] Loaded X.509 cert 'sforshee: 00b28ddf47aef9cea7'
[    6.863109] Loaded X.509 cert 'wens: 61c038651aabdcf94bd0ac7ff06c7248db18c600'
[    6.877200] videodev: Linux video capture interface: v2.00
[    6.950281] acer_wmi: Acer Laptop ACPI-WMI Extras
[    6.962073] RAPL PMU: API unit is 2^-32 Joules, 4 fixed counters, 655360 ms ovfl timer
[    6.962105] RAPL PMU: hw unit of domain pp0-core 2^-14 Joules
[    6.962123] RAPL PMU: hw unit of domain package 2^-14 Joules
[    6.962136] RAPL PMU: hw unit of domain dram 2^-14 Joules
[    6.962150] RAPL PMU: hw unit of domain pp1-gpu 2^-14 Joules
[    6.996783] intel_rapl_common: Found RAPL domain package
[    6.996811] intel_rapl_common: Found RAPL domain dram
[    7.001496] cryptd: max_cpu_qlen set to 1000
[    7.193579] AES CTR mode by8 optimization enabled
[    7.217793] Intel(R) Wireless WiFi driver for Linux
[    7.240090] pcieport 0000:00:1d.1: Intel SPT PCH root port ACS workaround enabled
[    7.246677] usbcore: registered new interface driver btusb
[    7.259067] Bluetooth: hci0: Legacy ROM 2.x revision 5.0 build 25 week 20 2015
[    7.267544] Bluetooth: hci0: Intel Bluetooth firmware file: intel/ibt-hw-37.8.10-fw-22.50.19.14.f.bseq
[    7.275769] iwlwifi 0000:03:00.0: Detected crf-id 0x0, cnv-id 0x0 wfpm id 0x0
[    7.276105] iwlwifi 0000:03:00.0: PCI dev 095a/5010, rev=0x210, rfid=0xd55555d5
[    7.276152] iwlwifi 0000:03:00.0: Detected Intel(R) Dual Band Wireless AC 7265
[    7.339835] usb 1-4: Found UVC 1.00 device HP Wide Vision FHD Camera (0bda:58e6)
[    7.345489] iwlwifi 0000:03:00.0: Found debug destination: EXTERNAL_DRAM
[    7.345530] iwlwifi 0000:03:00.0: Found debug configuration: 0
[    7.347381] iwlwifi 0000:03:00.0: loaded firmware version 29.f2390aa8.0 7265D-29.ucode op_mode iwlmvm
[    7.394990] audit: type=1400 audit(1769912277.227:4): apparmor="STATUS" operation="profile_load" profile="unconfined" name="QtWebEngineProcess" pid=563 comm="apparmor_parser"
[    7.396919] audit: type=1400 audit(1769912277.231:5): apparmor="STATUS" operation="profile_load" profile="unconfined" name="balena-etcher" pid=564 comm="apparmor_parser"
[    7.403266] audit: type=1400 audit(1769912277.236:6): apparmor="STATUS" operation="profile_load" profile="unconfined" name="Discord" pid=561 comm="apparmor_parser"
[    7.403331] audit: type=1400 audit(1769912277.237:7): apparmor="STATUS" operation="profile_load" profile="unconfined" name="brave" pid=565 comm="apparmor_parser"
[    7.403355] audit: type=1400 audit(1769912277.237:8): apparmor="STATUS" operation="profile_load" profile="unconfined" name=4D6F6E676F444220436F6D70617373 pid=562 comm="apparmor_parser"
[    7.405108] audit: type=1400 audit(1769912277.240:9): apparmor="STATUS" operation="profile_load" profile="unconfined" name="1password" pid=559 comm="apparmor_parser"
[    7.420026] audit: type=1400 audit(1769912277.251:10): apparmor="STATUS" operation="profile_load" profile="unconfined" name="buildah" pid=566 comm="apparmor_parser"
[    7.425657] audit: type=1400 audit(1769912277.260:11): apparmor="STATUS" operation="profile_load" profile="unconfined" name="busybox" pid=567 comm="apparmor_parser"
[    7.432247] audit: type=1400 audit(1769912277.267:12): apparmor="STATUS" operation="profile_load" profile="unconfined" name="cam" pid=568 comm="apparmor_parser"
[    7.438144] audit: type=1400 audit(1769912277.273:13): apparmor="STATUS" operation="profile_load" profile="unconfined" name="ch-checkns" pid=570 comm="apparmor_parser"
[    7.454619] usb 1-4: Found UVC 1.00 device HP Wide Vision FHD Camera (0bda:58e6)
[    7.673924] Bluetooth: hci0: Intel BT fw patch 0x43 completed & activated
[    7.683391] input: HP WMI hotkeys as /devices/virtual/input/input21
[    7.750409] usbcore: registered new interface driver uvcvideo
[    7.767310] intel_rapl_common: Found RAPL domain package
[    7.767320] intel_rapl_common: Found RAPL domain core
[    7.767325] intel_rapl_common: Found RAPL domain uncore
[    7.767329] intel_rapl_common: Found RAPL domain dram
[    8.634793] i915 0000:00:02.0: [drm] Found kabylake (device ID 5917) integrated display version 9.00 stepping C0
[    8.645768] intel_tcc_cooling: Programmable TCC Offset detected
[    8.662066] iwlwifi 0000:03:00.0: Applying debug destination EXTERNAL_DRAM
[    8.662356] iwlwifi 0000:03:00.0: Allocated 0x00400000 bytes for firmware monitor.
[    8.663514] i915 0000:00:02.0: vgaarb: deactivate vga console
[    8.664901] i915 0000:00:02.0: vgaarb: VGA decodes changed: olddecodes=io+mem,decodes=io+mem:owns=io+mem
[    8.670276] i915 0000:00:02.0: [drm] Finished loading DMC firmware i915/kbl_dmc_ver1_04.bin (v1.4)
[    8.670782] iwlwifi 0000:03:00.0: base HW address: 90:61:ae:41:39:da, OTP minor version: 0x0
[    8.704321] mei_hdcp 0000:00:16.0-b638ab7e-94e2-4ea2-a552-d1c54b627f04: bound 0000:00:02.0 (ops i915_hdcp_ops [i915])
[    8.737403] ieee80211 phy0: Selected rate control algorithm 'iwl-mvm-rs'
[    8.740741] iwlwifi 0000:03:00.0 wlo1: renamed from wlan0
[    8.939489] Bluetooth: BNEP (Ethernet Emulation) ver 1.3
[    8.939495] Bluetooth: BNEP filters: protocol multicast
[    8.939500] Bluetooth: BNEP socket layer initialized
[    8.942395] Bluetooth: MGMT ver 1.23
[    8.952963] NET: Registered PF_ALG protocol family
[    9.103953] nvme nvme0: using unchecked data buffer
[    9.351466] NET: Registered PF_QIPCRTR protocol family
[    9.989299] i915 0000:00:02.0: [drm] *ERROR* Failed to probe lspcon
[    9.989604] [drm] Initialized i915 1.6.0 for 0000:00:02.0 on minor 1
[    9.993722] ACPI: video: Video Device [GFX0] (multi-head: yes  rom: no  post: no)
[    9.993984] input: Video Bus as /devices/LNXSYSTM:00/LNXSYBUS:00/PNP0A08:00/LNXVIDEO:00/input/input22
[   10.021529] fbcon: i915drmfb (fb0) is primary device
[   10.021533] fbcon: Deferring console take-over
[   10.021538] i915 0000:00:02.0: [drm] fb0: i915drmfb frame buffer device
[   10.021429] snd_hda_intel 0000:00:1f.3: bound 0000:00:02.0 (ops i915_audio_component_bind_ops [i915])
[   10.096571] snd_hda_codec_realtek hdaudioC0D0: ALC295: picked fixup  for PCI SSID 103c:0000
[   10.097126] snd_hda_codec_realtek hdaudioC0D0: autoconfig for ALC295: line_outs=1 (0x17/0x0/0x0/0x0/0x0) type:speaker
[   10.097145] snd_hda_codec_realtek hdaudioC0D0:    speaker_outs=0 (0x0/0x0/0x0/0x0/0x0)
[   10.097153] snd_hda_codec_realtek hdaudioC0D0:    hp_outs=1 (0x21/0x0/0x0/0x0/0x0)
[   10.097159] snd_hda_codec_realtek hdaudioC0D0:    mono: mono_out=0x0
[   10.097164] snd_hda_codec_realtek hdaudioC0D0:    inputs:
[   10.097169] snd_hda_codec_realtek hdaudioC0D0:      Internal Mic=0x12
[   10.097174] snd_hda_codec_realtek hdaudioC0D0:      Mic=0x19
[   10.625098] iwlwifi 0000:03:00.0: Applying debug destination EXTERNAL_DRAM
[   10.703225] iwlwifi 0000:03:00.0: Applying debug destination EXTERNAL_DRAM
[   10.705222] iwlwifi 0000:03:00.0: FW already configured (0) - re-configuring
[   10.717564] iwlwifi 0000:03:00.0: Registered PHC clock: iwlwifi-PTP, with index: 0
[   10.752845] input: HDA Intel PCH Mic as /devices/pci0000:00/0000:00:1f.3/sound/card0/input23
[   10.752928] input: HDA Intel PCH Headphone as /devices/pci0000:00/0000:00:1f.3/sound/card0/input24
[   10.752995] input: HDA Intel PCH HDMI/DP,pcm=3 as /devices/pci0000:00/0000:00:1f.3/sound/card0/input25
[   10.753086] input: HDA Intel PCH HDMI/DP,pcm=7 as /devices/pci0000:00/0000:00:1f.3/sound/card0/input26
[   10.753201] input: HDA Intel PCH HDMI/DP,pcm=8 as /devices/pci0000:00/0000:00:1f.3/sound/card0/input27
[   11.483594] Bluetooth: RFCOMM TTY layer initialized
[   11.483642] Bluetooth: RFCOMM socket layer initialized
[   11.483682] Bluetooth: RFCOMM ver 1.11
[   12.348414] loop14: detected capacity change from 0 to 8
[   13.877750] rfkill: input handler disabled
[   14.372065] Lockdown: systemd-logind: hibernation is restricted; see man kernel_lockdown.7
[   14.503814] wlo1: authenticate with 3c:64:cf:9b:e5:e2 (local address=90:61:ae:41:39:da)
[   14.505126] wlo1: send auth to 3c:64:cf:9b:e5:e2 (try 1/3)
[   14.531355] wlo1: authenticated
[   14.533371] wlo1: associate with 3c:64:cf:9b:e5:e2 (try 1/3)
[   14.562106] wlo1: RX AssocResp from 3c:64:cf:9b:e5:e2 (capab=0x1131 status=0 aid=19)
[   14.590080] wlo1: associated
[   14.592464] wlo1: Limiting TX power to 30 (30 - 0) dBm as advertised by 3c:64:cf:9b:e5:e2
[   44.411814] systemd-journald[334]: File /var/log/journal/8d839de266ef46e8a8decc71dd8afcb9/user-1000.journal corrupted or uncleanly shut down, renaming and replacing.
[   44.941820] rfkill: input handler enabled
[   47.625505] Lockdown: systemd-logind: hibernation is restricted; see man kernel_lockdown.7
[   48.499134] rfkill: input handler disabled
[   61.182872] kauditd_printk_skb: 146 callbacks suppressed
[   61.182881] audit: type=1400 audit(1769912331.089:160): apparmor="DENIED" operation="open" class="file" profile="snap.firefox.firefox" name="/proc/pressure/memory" pid=3003 comm="firefox" requested_mask="r" denied_mask="r" fsuid=1000 ouid=0
[   61.261744] pcieport 0000:00:1d.1: AER: Correctable error message received from 0000:00:1d.1
[   61.261761] pcieport 0000:00:1d.1: PCIe Bus Error: severity=Correctable, type=Physical Layer, (Receiver ID)
[   61.261766] pcieport 0000:00:1d.1:   device [8086:9d19] error status/mask=00000001/00002000
[   61.261772] pcieport 0000:00:1d.1:    [ 0] RxErr                  (First)
[   69.318541] audit: type=1400 audit(1769912339.228:161): apparmor="DENIED" operation="open" class="file" profile="snap.firefox.firefox" name="/proc/pressure/memory" pid=3003 comm="MemoryPoller" requested_mask="r" denied_mask="r" fsuid=1000 ouid=0
[   73.017512] pcieport 0000:00:1d.1: AER: Correctable error message received from 0000:00:1d.1
[   73.017539] pcieport 0000:00:1d.1: PCIe Bus Error: severity=Correctable, type=Physical Layer, (Receiver ID)
[   73.017547] pcieport 0000:00:1d.1:   device [8086:9d19] error status/mask=00000001/00002000
[   73.017556] pcieport 0000:00:1d.1:    [ 0] RxErr                  (First)
[   74.324204] audit: type=1400 audit(1769912344.236:162): apparmor="DENIED" operation="open" class="file" profile="snap.firefox.firefox" name="/proc/pressure/memory" pid=3003 comm="MemoryPoller" requested_mask="r" denied_mask="r" fsuid=1000 ouid=0
[   79.324806] audit: type=1400 audit(1769912349.239:163): apparmor="DENIED" operation="open" class="file" profile="snap.firefox.firefox" name="/proc/pressure/memory" pid=3003 comm="MemoryPoller" requested_mask="r" denied_mask="r" fsuid=1000 ouid=0
[  128.071629] pcieport 0000:00:1d.1: AER: Correctable error message received from 0000:00:1d.1
[  128.071650] pcieport 0000:00:1d.1: PCIe Bus Error: severity=Correctable, type=Physical Layer, (Receiver ID)
[  128.071654] pcieport 0000:00:1d.1:   device [8086:9d19] error status/mask=00000001/00002000
[  128.071657] pcieport 0000:00:1d.1:    [ 0] RxErr                  (First)
[  131.839508] audit: type=1400 audit(1769912401.766:164): apparmor="DENIED" operation="open" class="file" profile="snap.firefox.firefox" name="/proc/pressure/memory" pid=3003 comm="MemoryPoller" requested_mask="r" denied_mask="r" fsuid=1000 ouid=0
[  136.839682] audit: type=1400 audit(1769912406.766:165): apparmor="DENIED" operation="open" class="file" profile="snap.firefox.firefox" name="/proc/pressure/memory" pid=3003 comm="MemoryPoller" requested_mask="r" denied_mask="r" fsuid=1000 ouid=0
[  176.917103] pcieport 0000:00:1d.1: AER: Correctable error message received from 0000:00:1d.1
[  176.917130] pcieport 0000:00:1d.1: PCIe Bus Error: severity=Correctable, type=Physical Layer, (Receiver ID)
[  176.917139] pcieport 0000:00:1d.1:   device [8086:9d19] error status/mask=00000001/00002000
[  176.917148] pcieport 0000:00:1d.1:    [ 0] RxErr                  (First)
[  179.085031] pcieport 0000:00:1d.1: AER: Correctable error message received from 0000:00:1d.1
[  179.085063] pcieport 0000:00:1d.1: PCIe Bus Error: severity=Correctable, type=Physical Layer, (Receiver ID)
[  179.085072] pcieport 0000:00:1d.1:   device [8086:9d19] error status/mask=00000001/00002000
[  179.085081] pcieport 0000:00:1d.1:    [ 0] RxErr                  (First)
[  182.915754] pcieport 0000:00:1d.1: AER: Correctable error message received from 0000:00:1d.1
[  182.915868] pcieport 0000:00:1d.1: PCIe Bus Error: severity=Correctable, type=Physical Layer, (Receiver ID)
[  182.915879] pcieport 0000:00:1d.1:   device [8086:9d19] error status/mask=00000001/00002000
[  182.915888] pcieport 0000:00:1d.1:    [ 0] RxErr                  (First)
[  254.140190] pcieport 0000:00:1d.1: AER: Correctable error message received from 0000:00:1d.1
[  254.140231] pcieport 0000:00:1d.1: PCIe Bus Error: severity=Correctable, type=Physical Layer, (Receiver ID)
[  254.140243] pcieport 0000:00:1d.1:   device [8086:9d19] error status/mask=00000001/00002000
[  254.140255] pcieport 0000:00:1d.1:    [ 0] RxErr                  (First)
[  278.917793] pcieport 0000:00:1d.1: AER: Correctable error message received from 0000:00:1d.1
[  278.917962] pcieport 0000:00:1d.1: PCIe Bus Error: severity=Correctable, type=Physical Layer, (Receiver ID)
[  278.917974] pcieport 0000:00:1d.1:   device [8086:9d19] error status/mask=00000001/00002000
[  278.917986] pcieport 0000:00:1d.1:    [ 0] RxErr                  (First)
[  302.926558] pcieport 0000:00:1d.1: AER: Correctable error message received from 0000:00:1d.1
[  302.926590] pcieport 0000:00:1d.1: PCIe Bus Error: severity=Correctable, type=Physical Layer, (Receiver ID)
[  302.926599] pcieport 0000:00:1d.1:   device [8086:9d19] error status/mask=00000001/00002000
[  302.926608] pcieport 0000:00:1d.1:    [ 0] RxErr                  (First)
[  344.932486] pcieport 0000:00:1d.1: AER: Correctable error message received from 0000:00:1d.1
[  344.932517] pcieport 0000:00:1d.1: PCIe Bus Error: severity=Correctable, type=Physical Layer, (Receiver ID)
[  344.932526] pcieport 0000:00:1d.1:   device [8086:9d19] error status/mask=00000001/00002000
[  344.932537] pcieport 0000:00:1d.1:    [ 0] RxErr                  (First)
[  530.937346] pcieport 0000:00:1d.1: AER: Correctable error message received from 0000:00:1d.1
[  530.937379] pcieport 0000:00:1d.1: PCIe Bus Error: severity=Correctable, type=Physical Layer, (Receiver ID)
[  530.937388] pcieport 0000:00:1d.1:   device [8086:9d19] error status/mask=00000001/00002000
[  530.937397] pcieport 0000:00:1d.1:    [ 0] RxErr                  (First)
[  592.805272] pcieport 0000:00:1d.1: AER: Correctable error message received from 0000:00:1d.1
[  592.805306] pcieport 0000:00:1d.1: PCIe Bus Error: severity=Correctable, type=Physical Layer, (Receiver ID)
[  592.805315] pcieport 0000:00:1d.1:   device [8086:9d19] error status/mask=00000001/00002000
[  592.805324] pcieport 0000:00:1d.1:    [ 0] RxErr                  (First)
[  620.947268] pcieport 0000:00:1d.1: AER: Correctable error message received from 0000:00:1d.1
[  620.947295] pcieport 0000:00:1d.1: PCIe Bus Error: severity=Correctable, type=Physical Layer, (Receiver ID)
[  620.947303] pcieport 0000:00:1d.1:   device [8086:9d19] error status/mask=00000001/00002000
[  620.947313] pcieport 0000:00:1d.1:    [ 0] RxErr                  (First)
[  662.951415] pcieport 0000:00:1d.1: AER: Correctable error message received from 0000:00:1d.1
[  662.951442] pcieport 0000:00:1d.1: PCIe Bus Error: severity=Correctable, type=Physical Layer, (Receiver ID)
[  662.951451] pcieport 0000:00:1d.1:   device [8086:9d19] error status/mask=00000001/00002000
[  662.951460] pcieport 0000:00:1d.1:    [ 0] RxErr                  (First)
[  707.248938] pcieport 0000:00:1d.1: AER: Correctable error message received from 0000:00:1d.1
[  707.248967] pcieport 0000:00:1d.1: PCIe Bus Error: severity=Correctable, type=Physical Layer, (Receiver ID)
[  707.248976] pcieport 0000:00:1d.1:   device [8086:9d19] error status/mask=00000001/00002000
[  707.248987] pcieport 0000:00:1d.1:    [ 0] RxErr                  (First)
[  707.498652] pcieport 0000:00:1d.1: AER: Correctable error message received from 0000:00:1d.1
[  707.498682] pcieport 0000:00:1d.1: PCIe Bus Error: severity=Correctable, type=Physical Layer, (Receiver ID)
[  707.498692] pcieport 0000:00:1d.1:   device [8086:9d19] error status/mask=00000001/00002000
[  707.498702] pcieport 0000:00:1d.1:    [ 0] RxErr                  (First)
[  708.604505] pcieport 0000:00:1d.1: AER: Correctable error message received from 0000:00:1d.1
[  708.604590] pcieport 0000:00:1d.1: PCIe Bus Error: severity=Correctable, type=Physical Layer, (Receiver ID)
[  708.604603] pcieport 0000:00:1d.1:   device [8086:9d19] error status/mask=00000001/00002000
[  708.604617] pcieport 0000:00:1d.1:    [ 0] RxErr                  (First)
[  765.689156] audit: type=1400 audit(1769913035.578:166): apparmor="DENIED" operation="open" class="file" profile="snap.firefox.firefox" name="/proc/pressure/memory" pid=3003 comm="MemoryPoller" requested_mask="r" denied_mask="r" fsuid=1000 ouid=0
[  770.697620] audit: type=1400 audit(1769913040.586:167): apparmor="DENIED" operation="open" class="file" profile="snap.firefox.firefox" name="/proc/pressure/memory" pid=3003 comm="MemoryPoller" requested_mask="r" denied_mask="r" fsuid=1000 ouid=0
[  775.701144] audit: type=1400 audit(1769913045.590:168): apparmor="DENIED" operation="open" class="file" profile="snap.firefox.firefox" name="/proc/pressure/memory" pid=3003 comm="MemoryPoller" requested_mask="r" denied_mask="r" fsuid=1000 ouid=0
[  815.889671] audit: type=1400 audit(1769913085.777:169): apparmor="DENIED" operation="open" class="file" profile="snap.firefox.firefox" name="/proc/pressure/memory" pid=3003 comm="MemoryPoller" requested_mask="r" denied_mask="r" fsuid=1000 ouid=0
[  820.890965] audit: type=1400 audit(1769913090.778:170): apparmor="DENIED" operation="open" class="file" profile="snap.firefox.firefox" name="/proc/pressure/memory" pid=3003 comm="MemoryPoller" requested_mask="r" denied_mask="r" fsuid=1000 ouid=0
[  825.970755] audit: type=1400 audit(1769913095.858:171): apparmor="DENIED" operation="open" class="file" profile="snap.firefox.firefox" name="/proc/pressure/memory" pid=3003 comm="MemoryPoller" requested_mask="r" denied_mask="r" fsuid=1000 ouid=0
[  931.353599] pcieport 0000:00:1d.1: AER: Correctable error message received from 0000:00:1d.1
[  931.353613] pcieport 0000:00:1d.1: PCIe Bus Error: severity=Correctable, type=Physical Layer, (Receiver ID)
[  931.353615] pcieport 0000:00:1d.1:   device [8086:9d19] error status/mask=00000001/00002000
[  931.353618] pcieport 0000:00:1d.1:    [ 0] RxErr                  (First)
[  939.070929] pcieport 0000:00:1d.1: AER: Correctable error message received from 0000:00:1d.1
[  939.070956] pcieport 0000:00:1d.1: PCIe Bus Error: severity=Correctable, type=Physical Layer, (Receiver ID)
[  939.070965] pcieport 0000:00:1d.1:   device [8086:9d19] error status/mask=00000001/00002000
[  939.070974] pcieport 0000:00:1d.1:    [ 0] RxErr                  (First)
[  973.451673] pcieport 0000:00:1d.1: AER: Correctable error message received from 0000:00:1d.1
[  973.451691] pcieport 0000:00:1d.1: PCIe Bus Error: severity=Correctable, type=Physical Layer, (Receiver ID)
[  973.451693] pcieport 0000:00:1d.1:   device [8086:9d19] error status/mask=00000001/00002000
[  973.451696] pcieport 0000:00:1d.1:    [ 0] RxErr                  (First)
[  998.431657] pcieport 0000:00:1d.1: AER: Correctable error message received from 0000:00:1d.1
[  998.431692] pcieport 0000:00:1d.1: PCIe Bus Error: severity=Correctable, type=Physical Layer, (Receiver ID)
[  998.431702] pcieport 0000:00:1d.1:   device [8086:9d19] error status/mask=00000001/00002000
[  998.431712] pcieport 0000:00:1d.1:    [ 0] RxErr                  (First)
[ 1102.272366] pcieport 0000:00:1d.1: AER: Correctable error message received from 0000:00:1d.1
[ 1102.272389] pcieport 0000:00:1d.1: PCIe Bus Error: severity=Correctable, type=Physical Layer, (Receiver ID)
[ 1102.272393] pcieport 0000:00:1d.1:   device [8086:9d19] error status/mask=00000001/00002000
[ 1102.272399] pcieport 0000:00:1d.1:    [ 0] RxErr                  (First)
[ 1157.346651] audit: type=1400 audit(1769913427.243:172): apparmor="DENIED" operation="open" class="file" profile="snap.firefox.firefox" name="/proc/pressure/memory" pid=3003 comm="MemoryPoller" requested_mask="r" denied_mask="r" fsuid=1000 ouid=0
[ 1162.353333] audit: type=1400 audit(1769913432.250:173): apparmor="DENIED" operation="open" class="file" profile="snap.firefox.firefox" name="/proc/pressure/memory" pid=3003 comm="MemoryPoller" requested_mask="r" denied_mask="r" fsuid=1000 ouid=0
[ 1167.353918] audit: type=1400 audit(1769913437.251:174): apparmor="DENIED" operation="open" class="file" profile="snap.firefox.firefox" name="/proc/pressure/memory" pid=3003 comm="MemoryPoller" requested_mask="r" denied_mask="r" fsuid=1000 ouid=0
[ 1172.354263] audit: type=1400 audit(1769913442.251:175): apparmor="DENIED" operation="open" class="file" profile="snap.firefox.firefox" name="/proc/pressure/memory" pid=3003 comm="MemoryPoller" requested_mask="r" denied_mask="r" fsuid=1000 ouid=0
[ 1177.388230] audit: type=1400 audit(1769913447.286:176): apparmor="DENIED" operation="open" class="file" profile="snap.firefox.firefox" name="/proc/pressure/memory" pid=3003 comm="MemoryPoller" requested_mask="r" denied_mask="r" fsuid=1000 ouid=0
[ 1182.394713] audit: type=1400 audit(1769913452.293:177): apparmor="DENIED" operation="open" class="file" profile="snap.firefox.firefox" name="/proc/pressure/memory" pid=3003 comm="MemoryPoller" requested_mask="r" denied_mask="r" fsuid=1000 ouid=0
[ 1197.272394] audit: type=1400 audit(1769913467.171:178): apparmor="DENIED" operation="open" class="file" profile="snap.firefox.firefox" name="/proc/pressure/memory" pid=3003 comm="MemoryPoller" requested_mask="r" denied_mask="r" fsuid=1000 ouid=0
[ 1202.273611] audit: type=1400 audit(1769913472.173:179): apparmor="DENIED" operation="open" class="file" profile="snap.firefox.firefox" name="/proc/pressure/memory" pid=3003 comm="MemoryPoller" requested_mask="r" denied_mask="r" fsuid=1000 ouid=0
[ 1208.945400] pcieport 0000:00:1d.1: AER: Multiple Correctable error message received from 0000:00:1d.1
[ 1208.945572] pcieport 0000:00:1d.1: PCIe Bus Error: severity=Correctable, type=Physical Layer, (Transmitter ID)
[ 1208.945578] pcieport 0000:00:1d.1:   device [8086:9d19] error status/mask=00001001/00002000
[ 1208.945585] pcieport 0000:00:1d.1:    [ 0] RxErr                  (First)
[ 1208.945591] pcieport 0000:00:1d.1:    [12] Timeout               
[ 1208.945597] pcieport 0000:00:1d.1: AER:   Error of this Agent is reported first
[ 1208.945755] iwlwifi 0000:03:00.0: PCIe Bus Error: severity=Correctable, type=Data Link Layer, (Receiver ID)
[ 1208.945761] iwlwifi 0000:03:00.0:   device [8086:095a] error status/mask=00002040/00002000
[ 1208.945767] iwlwifi 0000:03:00.0:    [ 6] BadTLP                
[ 1208.946256] pcieport 0000:00:1d.1: AER: Correctable error message received from 0000:03:00.0
[ 1212.331095] audit: type=1400 audit(1769913482.231:180): apparmor="DENIED" operation="open" class="file" profile="snap.firefox.firefox" name="/proc/pressure/memory" pid=3003 comm="MemoryPoller" requested_mask="r" denied_mask="r" fsuid=1000 ouid=0
[ 1217.334045] audit: type=1400 audit(1769913487.234:181): apparmor="DENIED" operation="open" class="file" profile="snap.firefox.firefox" name="/proc/pressure/memory" pid=3003 comm="MemoryPoller" requested_mask="r" denied_mask="r" fsuid=1000 ouid=0
[ 1233.786557] audit: type=1400 audit(1769913503.688:182): apparmor="DENIED" operation="open" class="file" profile="snap.firefox.firefox" name="/proc/pressure/memory" pid=3003 comm="MemoryPoller" requested_mask="r" denied_mask="r" fsuid=1000 ouid=0
[ 1244.458450] audit: type=1400 audit(1769913514.360:183): apparmor="DENIED" operation="open" class="file" profile="snap.firefox.firefox" name="/proc/pressure/memory" pid=3003 comm="MemoryPoller" requested_mask="r" denied_mask="r" fsuid=1000 ouid=0
[ 1249.459421] audit: type=1400 audit(1769913519.361:184): apparmor="DENIED" operation="open" class="file" profile="snap.firefox.firefox" name="/proc/pressure/memory" pid=3003 comm="MemoryPoller" requested_mask="r" denied_mask="r" fsuid=1000 ouid=0
[ 1268.945173] pcieport 0000:00:1d.1: AER: Correctable error message received from 0000:00:1d.1
[ 1268.945207] pcieport 0000:00:1d.1: PCIe Bus Error: severity=Correctable, type=Physical Layer, (Receiver ID)
[ 1268.945216] pcieport 0000:00:1d.1:   device [8086:9d19] error status/mask=00000001/00002000
[ 1268.945226] pcieport 0000:00:1d.1:    [ 0] RxErr                  (First)
[ 1273.905802] pcieport 0000:00:1d.1: AER: Correctable error message received from 0000:00:1d.1
[ 1273.905821] pcieport 0000:00:1d.1: PCIe Bus Error: severity=Correctable, type=Physical Layer, (Receiver ID)
[ 1273.905824] pcieport 0000:00:1d.1:   device [8086:9d19] error status/mask=00000001/00002000
[ 1273.905827] pcieport 0000:00:1d.1:    [ 0] RxErr                  (First)
[ 1281.951965] pcieport 0000:00:1d.1: AER: Correctable error message received from 0000:00:1d.1
[ 1281.952009] pcieport 0000:00:1d.1: PCIe Bus Error: severity=Correctable, type=Physical Layer, (Receiver ID)
[ 1281.952022] pcieport 0000:00:1d.1:   device [8086:9d19] error status/mask=00000001/00002000
[ 1281.952037] pcieport 0000:00:1d.1:    [ 0] RxErr                  (First)
[ 1304.579940] audit: type=1400 audit(1769913574.485:185): apparmor="DENIED" operation="open" class="file" profile="snap.firefox.firefox" name="/proc/pressure/memory" pid=3003 comm="MemoryPoller" requested_mask="r" denied_mask="r" fsuid=1000 ouid=0
[ 1309.999932] audit: type=1400 audit(1769913579.905:186): apparmor="DENIED" operation="open" class="file" profile="snap.firefox.firefox" name="/proc/pressure/memory" pid=3003 comm="MemoryPoller" requested_mask="r" denied_mask="r" fsuid=1000 ouid=0
[ 1315.062996] audit: type=1400 audit(1769913584.968:187): apparmor="DENIED" operation="open" class="file" profile="snap.firefox.firefox" name="/proc/pressure/memory" pid=3003 comm="MemoryPoller" requested_mask="r" denied_mask="r" fsuid=1000 ouid=0
[ 1320.063920] audit: type=1400 audit(1769913589.969:188): apparmor="DENIED" operation="open" class="file" profile="snap.firefox.firefox" name="/proc/pressure/memory" pid=3003 comm="MemoryPoller" requested_mask="r" denied_mask="r" fsuid=1000 ouid=0
[ 1340.937732] pcieport 0000:00:1d.1: AER: Correctable error message received from 0000:00:1d.1
[ 1340.937763] pcieport 0000:00:1d.1: PCIe Bus Error: severity=Correctable, type=Data Link Layer, (Receiver ID)
[ 1340.937772] pcieport 0000:00:1d.1:   device [8086:9d19] error status/mask=00000080/00002000
